Component: ARM Compiler 5.06 update 1 (build 61) Tool: armlink [4d35a8]

==============================================================================

Section Cross References

    system_stm32f10x.o(i.SetSysClock) refers to system_stm32f10x.o(i.SetSysClockTo72) for SetSysClockTo72
    system_stm32f10x.o(i.SystemCoreClockUpdate) refers to system_stm32f10x.o(.data) for SystemCoreClock
    system_stm32f10x.o(i.SystemInit) refers to system_stm32f10x.o(i.SetSysClock) for SetSysClock
    startup_stm32f10x_md.o(RESET) refers to startup_stm32f10x_md.o(STACK) for __initial_sp
    startup_stm32f10x_md.o(RESET) refers to startup_stm32f10x_md.o(.text) for Reset_Handler
    startup_stm32f10x_md.o(RESET) refers to stm32f10x_it.o(i.NMI_Handler) for NMI_Handler
    startup_stm32f10x_md.o(RESET) refers to stm32f10x_it.o(i.HardFault_Handler) for HardFault_Handler
    startup_stm32f10x_md.o(RESET) refers to stm32f10x_it.o(i.MemManage_Handler) for MemManage_Handler
    startup_stm32f10x_md.o(RESET) refers to stm32f10x_it.o(i.BusFault_Handler) for BusFault_Handler
    startup_stm32f10x_md.o(RESET) refers to stm32f10x_it.o(i.UsageFault_Handler) for UsageFault_Handler
    startup_stm32f10x_md.o(RESET) refers to stm32f10x_it.o(i.SVC_Handler) for SVC_Handler
    startup_stm32f10x_md.o(RESET) refers to stm32f10x_it.o(i.DebugMon_Handler) for DebugMon_Handler
    startup_stm32f10x_md.o(RESET) refers to stm32f10x_it.o(i.PendSV_Handler) for PendSV_Handler
    startup_stm32f10x_md.o(RESET) refers to time.o(i.SysTick_Handler) for SysTick_Handler
    startup_stm32f10x_md.o(RESET) refers to encoder.o(i.TIM2_IRQHandler) for TIM2_IRQHandler
    startup_stm32f10x_md.o(RESET) refers to control.o(i.TIM4_IRQHandler) for TIM4_IRQHandler
    startup_stm32f10x_md.o(RESET) refers to usart.o(i.USART1_IRQHandler) for USART1_IRQHandler
    startup_stm32f10x_md.o(RESET) refers to uart2.o(i.USART2_IRQHandler) for USART2_IRQHandler
    startup_stm32f10x_md.o(RESET) refers to usart3.o(i.USART3_IRQHandler) for USART3_IRQHandler
    startup_stm32f10x_md.o(.text) refers to system_stm32f10x.o(i.SystemInit) for SystemInit
    startup_stm32f10x_md.o(.text) refers to entry.o(.ARM.Collect$$$$00000000) for __main
    stm32f10x_gpio.o(i.GPIO_AFIODeInit) refers to stm32f10x_rcc.o(i.RCC_APB2PeriphResetCmd) for RCC_APB2PeriphResetCmd
    stm32f10x_gpio.o(i.GPIO_DeInit) refers to stm32f10x_rcc.o(i.RCC_APB2PeriphResetCmd) for RCC_APB2PeriphResetCmd
    stm32f10x_adc.o(i.ADC_DeInit) refers to stm32f10x_rcc.o(i.RCC_APB2PeriphResetCmd) for RCC_APB2PeriphResetCmd
    stm32f10x_bkp.o(i.BKP_DeInit) refers to stm32f10x_rcc.o(i.RCC_BackupResetCmd) for RCC_BackupResetCmd
    stm32f10x_can.o(i.CAN_DeInit) refers to stm32f10x_rcc.o(i.RCC_APB1PeriphResetCmd) for RCC_APB1PeriphResetCmd
    stm32f10x_can.o(i.CAN_GetITStatus) refers to stm32f10x_can.o(i.CheckITStatus) for CheckITStatus
    stm32f10x_cec.o(i.CEC_DeInit) refers to stm32f10x_rcc.o(i.RCC_APB1PeriphResetCmd) for RCC_APB1PeriphResetCmd
    stm32f10x_dac.o(i.DAC_DeInit) refers to stm32f10x_rcc.o(i.RCC_APB1PeriphResetCmd) for RCC_APB1PeriphResetCmd
    stm32f10x_flash.o(i.FLASH_EnableWriteProtection) refers to stm32f10x_flash.o(i.FLASH_WaitForLastOperation) for FLASH_WaitForLastOperation
    stm32f10x_flash.o(i.FLASH_EraseAllBank1Pages) refers to stm32f10x_flash.o(i.FLASH_WaitForLastBank1Operation) for FLASH_WaitForLastBank1Operation
    stm32f10x_flash.o(i.FLASH_EraseAllPages) refers to stm32f10x_flash.o(i.FLASH_WaitForLastOperation) for FLASH_WaitForLastOperation
    stm32f10x_flash.o(i.FLASH_EraseOptionBytes) refers to stm32f10x_flash.o(i.FLASH_GetReadOutProtectionStatus) for FLASH_GetReadOutProtectionStatus
    stm32f10x_flash.o(i.FLASH_EraseOptionBytes) refers to stm32f10x_flash.o(i.FLASH_WaitForLastOperation) for FLASH_WaitForLastOperation
    stm32f10x_flash.o(i.FLASH_ErasePage) refers to stm32f10x_flash.o(i.FLASH_WaitForLastOperation) for FLASH_WaitForLastOperation
    stm32f10x_flash.o(i.FLASH_ProgramHalfWord) refers to stm32f10x_flash.o(i.FLASH_WaitForLastOperation) for FLASH_WaitForLastOperation
    stm32f10x_flash.o(i.FLASH_ProgramOptionByteData) refers to stm32f10x_flash.o(i.FLASH_WaitForLastOperation) for FLASH_WaitForLastOperation
    stm32f10x_flash.o(i.FLASH_ProgramWord) refers to stm32f10x_flash.o(i.FLASH_WaitForLastOperation) for FLASH_WaitForLastOperation
    stm32f10x_flash.o(i.FLASH_ReadOutProtection) refers to stm32f10x_flash.o(i.FLASH_WaitForLastOperation) for FLASH_WaitForLastOperation
    stm32f10x_flash.o(i.FLASH_UserOptionByteConfig) refers to stm32f10x_flash.o(i.FLASH_WaitForLastOperation) for FLASH_WaitForLastOperation
    stm32f10x_flash.o(i.FLASH_WaitForLastBank1Operation) refers to stm32f10x_flash.o(i.FLASH_GetBank1Status) for FLASH_GetBank1Status
    stm32f10x_flash.o(i.FLASH_WaitForLastOperation) refers to stm32f10x_flash.o(i.FLASH_GetBank1Status) for FLASH_GetBank1Status
    stm32f10x_i2c.o(i.I2C_DeInit) refers to stm32f10x_rcc.o(i.RCC_APB1PeriphResetCmd) for RCC_APB1PeriphResetCmd
[...]
    Removing stm32f10x_sdio.o(i.SDIO_GetCommandResponse), (12 bytes).
    Removing stm32f10x_sdio.o(i.SDIO_GetDataCounter), (12 bytes).
    Removing stm32f10x_sdio.o(i.SDIO_GetFIFOCount), (12 bytes).
    Removing stm32f10x_sdio.o(i.SDIO_GetFlagStatus), (24 bytes).
    Removing stm32f10x_sdio.o(i.SDIO_GetITStatus), (24 bytes).
    Removing stm32f10x_sdio.o(i.SDIO_GetPowerState), (16 bytes).
    Removing stm32f10x_sdio.o(i.SDIO_GetResponse), (24 bytes).
    Removing stm32f10x_sdio.o(i.SDIO_ITConfig), (32 bytes).
    Removing stm32f10x_sdio.o(i.SDIO_Init), (48 bytes).
    Removing stm32f10x_sdio.o(i.SDIO_ReadData), (12 bytes).
    Removing stm32f10x_sdio.o(i.SDIO_SendCEATACmd), (12 bytes).
    Removing stm32f10x_sdio.o(i.SDIO_SendCommand), (44 bytes).
    Removing stm32f10x_sdio.o(i.SDIO_SendSDIOSuspendCmd), (12 bytes).
    Removing stm32f10x_sdio.o(i.SDIO_SetPowerState), (28 bytes).
    Removing stm32f10x_sdio.o(i.SDIO_SetSDIOOperation), (12 bytes).
    Removing stm32f10x_sdio.o(i.SDIO_SetSDIOReadWaitMode), (12 bytes).
    Removing stm32f10x_sdio.o(i.SDIO_StartSDIOReadWait), (12 bytes).
    Removing stm32f10x_sdio.o(i.SDIO_StopSDIOReadWait), (12 bytes).
    Removing stm32f10x_sdio.o(i.SDIO_StructInit), (16 bytes).
    Removing stm32f10x_sdio.o(i.SDIO_WriteData), (12 bytes).
    Removing stm32f10x_spi.o(i.I2S_Cmd), (24 bytes).
    Removing stm32f10x_spi.o(i.I2S_Init), (232 bytes).
    Removing stm32f10x_spi.o(i.I2S_StructInit), (20 bytes).
    Removing stm32f10x_spi.o(i.SPI_BiDirectionalLineConfig), (28 bytes).
    Removing stm32f10x_spi.o(i.SPI_CalculateCRC), (24 bytes).
    Removing stm32f10x_spi.o(i.SPI_Cmd), (24 bytes).
    Removing stm32f10x_spi.o(i.SPI_DataSizeConfig), (18 bytes).
    Removing stm32f10x_spi.o(i.SPI_GetCRC), (16 bytes).
    Removing stm32f10x_spi.o(i.SPI_GetCRCPolynomial), (6 bytes).
    Removing stm32f10x_spi.o(i.SPI_I2S_ClearFlag), (6 bytes).
    Removing stm32f10x_spi.o(i.SPI_I2S_ClearITPendingBit), (20 bytes).
    Removing stm32f10x_spi.o(i.SPI_I2S_DMACmd), (18 bytes).
    Removing stm32f10x_spi.o(i.SPI_I2S_DeInit), (88 bytes).
    Removing stm32f10x_spi.o(i.SPI_I2S_GetFlagStatus), (18 bytes).
    Removing stm32f10x_spi.o(i.SPI_I2S_GetITStatus), (52 bytes).
    Removing stm32f10x_spi.o(i.SPI_I2S_ITConfig), (32 bytes).
    Removing stm32f10x_spi.o(i.SPI_I2S_ReceiveData), (6 bytes).
    Removing stm32f10x_spi.o(i.SPI_I2S_SendData), (4 bytes).
    Removing stm32f10x_spi.o(i.SPI_Init), (60 bytes).
    Removing stm32f10x_spi.o(i.SPI_NSSInternalSoftwareConfig), (30 bytes).
    Removing stm32f10x_spi.o(i.SPI_SSOutputCmd), (24 bytes).
    Removing stm32f10x_spi.o(i.SPI_StructInit), (24 bytes).
    Removing stm32f10x_spi.o(i.SPI_TransmitCRC), (10 bytes).
    Removing stm32f10x_tim.o(i.TI1_Config), (128 bytes).
    Removing stm32f10x_tim.o(i.TI2_Config), (152 bytes).
    Removing stm32f10x_tim.o(i.TI3_Config), (144 bytes).
    Removing stm32f10x_tim.o(i.TI4_Config), (152 bytes).
    Removing stm32f10x_tim.o(i.TIM_ARRPreloadConfig), (24 bytes).
    Removing stm32f10x_tim.o(i.TIM_BDTRConfig), (32 bytes).
    Removing stm32f10x_tim.o(i.TIM_BDTRStructInit), (18 bytes).
    Removing stm32f10x_tim.o(i.TIM_CCPreloadControl), (24 bytes).
    Removing stm32f10x_tim.o(i.TIM_CCxCmd), (30 bytes).
    Removing stm32f10x_tim.o(i.TIM_CCxNCmd), (30 bytes).
    Removing stm32f10x_tim.o(i.TIM_ClearOC1Ref), (18 bytes).
    Removing stm32f10x_tim.o(i.TIM_ClearOC2Ref), (24 bytes).
    Removing stm32f10x_tim.o(i.TIM_ClearOC3Ref), (18 bytes).
    Removing stm32f10x_tim.o(i.TIM_ClearOC4Ref), (24 bytes).
    Removing stm32f10x_tim.o(i.TIM_CounterModeConfig), (18 bytes).
    Removing stm32f10x_tim.o(i.TIM_CtrlPWMOutputs), (30 bytes).
    Removing stm32f10x_tim.o(i.TIM_DMACmd), (18 bytes).
    Removing stm32f10x_tim.o(i.TIM_DMAConfig), (10 bytes).
    Removing stm32f10x_tim.o(i.TIM_ETRClockMode1Config), (54 bytes).
    Removing stm32f10x_tim.o(i.TIM_ETRClockMode2Config), (32 bytes).
    Removing stm32f10x_tim.o(i.TIM_ETRConfig), (28 bytes).
    Removing stm32f10x_tim.o(i.TIM_EncoderInterfaceConfig), (66 bytes).
    Removing stm32f10x_tim.o(i.TIM_ForcedOC1Config), (18 bytes).
    Removing stm32f10x_tim.o(i.TIM_ForcedOC2Config), (26 bytes).
    Removing stm32f10x_tim.o(i.TIM_ForcedOC3Config), (18 bytes).
    Removing stm32f10x_tim.o(i.TIM_ForcedOC4Config), (26 bytes).
    Removing stm32f10x_tim.o(i.TIM_GenerateEvent), (4 bytes).
    Removing stm32f10x_tim.o(i.TIM_GetCapture1), (6 bytes).
    Removing stm32f10x_tim.o(i.TIM_GetCapture2), (6 bytes).
    Removing stm32f10x_tim.o(i.TIM_GetCapture3), (6 bytes).
    Removing stm32f10x_tim.o(i.TIM_GetCapture4), (8 bytes).
    Removing stm32f10x_tim.o(i.TIM_GetCounter), (6 bytes).
    Removing stm32f10x_tim.o(i.TIM_GetFlagStatus), (18 bytes).
    Removing stm32f10x_tim.o(i.TIM_GetPrescaler), (6 bytes).
    Removing stm32f10x_tim.o(i.TIM_ICInit), (172 bytes).
    Removing stm32f10x_tim.o(i.TIM_ICStructInit), (18 bytes).
    Removing stm32f10x_tim.o(i.TIM_ITRxExternalClockConfig), (24 bytes).
    Removing stm32f10x_tim.o(i.TIM_InternalClockConfig), (12 bytes).
    Removing stm32f10x_tim.o(i.TIM_OC1FastConfig), (18 bytes).
    Removing stm32f10x_tim.o(i.TIM_OC1Init), (152 bytes).
    Removing stm32f10x_tim.o(i.TIM_OC1NPolarityConfig), (18 bytes).
    Removing stm32f10x_tim.o(i.TIM_OC1PolarityConfig), (18 bytes).
    Removing stm32f10x_tim.o(i.TIM_OC1PreloadConfig), (18 bytes).
    Removing stm32f10x_tim.o(i.TIM_OC2FastConfig), (26 bytes).
    Removing stm32f10x_tim.o(i.TIM_OC2Init), (164 bytes).
    Removing stm32f10x_tim.o(i.TIM_OC2NPolarityConfig), (26 bytes).
    Removing stm32f10x_tim.o(i.TIM_OC2PolarityConfig), (26 bytes).
    Removing stm32f10x_tim.o(i.TIM_OC2PreloadConfig), (26 bytes).
    Removing stm32f10x_tim.o(i.TIM_OC3FastConfig), (18 bytes).
    Removing stm32f10x_tim.o(i.TIM_OC3Init), (160 bytes).
    Removing stm32f10x_tim.o(i.TIM_OC3NPolarityConfig), (26 bytes).
    Removing stm32f10x_tim.o(i.TIM_OC3PolarityConfig), (26 bytes).
    Removing stm32f10x_tim.o(i.TIM_OC3PreloadConfig), (18 bytes).
    Removing stm32f10x_tim.o(i.TIM_OC4FastConfig), (26 bytes).
    Removing stm32f10x_tim.o(i.TIM_OC4Init), (124 bytes).
    Removing stm32f10x_tim.o(i.TIM_OC4PolarityConfig), (26 bytes).
    Removing stm32f10x_tim.o(i.TIM_OC4PreloadConfig), (26 bytes).
    Removing stm32f10x_tim.o(i.TIM_OCStructInit), (20 bytes).
    Removing stm32f10x_tim.o(i.TIM_PWMIConfig), (124 bytes).
    Removing stm32f10x_tim.o(i.TIM_PrescalerConfig), (6 bytes).
    Removing stm32f10x_tim.o(i.TIM_SelectCCDMA), (24 bytes).
    Removing stm32f10x_tim.o(i.TIM_SelectCOM), (24 bytes).
    Removing stm32f10x_tim.o(i.TIM_SelectHallSensor), (24 bytes).
    Removing stm32f10x_tim.o(i.TIM_SelectInputTrigger), (18 bytes).
    Removing stm32f10x_tim.o(i.TIM_SelectMasterSlaveMode), (18 bytes).
    Removing stm32f10x_tim.o(i.TIM_SelectOCxM), (82 bytes).
    Removing stm32f10x_tim.o(i.TIM_SelectOnePulseMode), (18 bytes).
    Removing stm32f10x_tim.o(i.TIM_SelectOutputTrigger), (18 bytes).
    Removing stm32f10x_tim.o(i.TIM_SelectSlaveMode), (18 bytes).
    Removing stm32f10x_tim.o(i.TIM_SetAutoreload), (4 bytes).
    Removing stm32f10x_tim.o(i.TIM_SetClockDivision), (18 bytes).
    Removing stm32f10x_tim.o(i.TIM_SetCompare1), (4 bytes).
    Removing stm32f10x_tim.o(i.TIM_SetCompare2), (4 bytes).
    Removing stm32f10x_tim.o(i.TIM_SetCompare3), (4 bytes).
    Removing stm32f10x_tim.o(i.TIM_SetCompare4), (6 bytes).
    Removing stm32f10x_tim.o(i.TIM_SetCounter), (4 bytes).
    Removing stm32f10x_tim.o(i.TIM_SetIC1Prescaler), (18 bytes).
    Removing stm32f10x_tim.o(i.TIM_SetIC2Prescaler), (26 bytes).
    Removing stm32f10x_tim.o(i.TIM_SetIC3Prescaler), (18 bytes).
    Removing stm32f10x_tim.o(i.TIM_SetIC4Prescaler), (26 bytes).
    Removing stm32f10x_tim.o(i.TIM_TIxExternalClockConfig), (62 bytes).
    Removing stm32f10x_tim.o(i.TIM_TimeBaseStructInit), (18 bytes).
    Removing stm32f10x_tim.o(i.TIM_UpdateDisableConfig), (24 bytes).
    Removing stm32f10x_tim.o(i.TIM_UpdateRequestConfig), (24 bytes).
    Removing stm32f10x_usart.o(i.USART_ClearFlag), (18 bytes).
    Removing stm32f10x_usart.o(i.USART_ClockInit), (34 bytes).
    Removing stm32f10x_usart.o(i.USART_ClockStructInit), (12 bytes).
    Removing stm32f10x_usart.o(i.USART_DMACmd), (18 bytes).
    Removing stm32f10x_usart.o(i.USART_DeInit), (156 bytes).
    Removing stm32f10x_usart.o(i.USART_GetFlagStatus), (26 bytes).
    Removing stm32f10x_usart.o(i.USART_HalfDuplexCmd), (24 bytes).
    Removing stm32f10x_usart.o(i.USART_IrDACmd), (24 bytes).
    Removing stm32f10x_usart.o(i.USART_IrDAConfig), (18 bytes).
    Removing stm32f10x_usart.o(i.USART_LINBreakDetectLengthConfig), (18 bytes).
    Removing stm32f10x_usart.o(i.USART_LINCmd), (24 bytes).
    Removing stm32f10x_usart.o(i.USART_OneBitMethodCmd), (24 bytes).
    Removing stm32f10x_usart.o(i.USART_OverSampling8Cmd), (22 bytes).
    Removing stm32f10x_usart.o(i.USART_ReceiverWakeUpCmd), (24 bytes).
    Removing stm32f10x_usart.o(i.USART_SendBreak), (10 bytes).
    Removing stm32f10x_usart.o(i.USART_SendData), (8 bytes).
    Removing stm32f10x_usart.o(i.USART_SetAddress), (18 bytes).
    Removing stm32f10x_usart.o(i.USART_SetGuardTime), (16 bytes).
    Removing stm32f10x_usart.o(i.USART_SetPrescaler), (16 bytes).
    Removing stm32f10x_usart.o(i.USART_SmartCardCmd), (24 bytes).
    Removing stm32f10x_usart.o(i.USART_SmartCardNACKCmd), (24 bytes).
    Removing stm32f10x_usart.o(i.USART_StructInit), (24 bytes).
    Removing stm32f10x_usart.o(i.USART_WakeUpConfig), (18 bytes).
    Removing stm32f10x_wwdg.o(i.WWDG_ClearFlag), (12 bytes).
    Removing stm32f10x_wwdg.o(i.WWDG_DeInit), (22 bytes).
    Removing stm32f10x_wwdg.o(i.WWDG_Enable), (16 bytes).
    Removing stm32f10x_wwdg.o(i.WWDG_EnableIT), (12 bytes).
    Removing stm32f10x_wwdg.o(i.WWDG_GetFlagStatus), (12 bytes).
    Removing stm32f10x_wwdg.o(i.WWDG_SetCounter), (16 bytes).
    Removing stm32f10x_wwdg.o(i.WWDG_SetPrescaler), (24 bytes).
    Removing stm32f10x_wwdg.o(i.WWDG_SetWindowValue), (40 bytes).
    Removing dt.o(i.DT_Send01), (284 bytes).
    Removing dt.o(i.DT_SendF1), (268 bytes).
    Removing filter.o(i.Kalman_Filter_Z), (644 bytes).
    Removing hcsr04.o(i.CloseTimeForHc), (14 bytes).
    Removing hcsr04.o(i.GetEchoTimer), (48 bytes).
    Removing hcsr04.o(i.HCSR04_Init), (152 bytes).
    Removing hcsr04.o(i.Hcsr04GetLength), (156 bytes).
    Removing hcsr04.o(i.NVIC_Config), (32 bytes).
    Removing hcsr04.o(i.OpenTimeForHc), (32 bytes).
    Removing hcsr04.o(.data), (2 bytes).
    Removing mpuiic.o(i.MPU_i2cRead), (118 bytes).
    Removing mpuiic.o(i.MPU_i2cWrite), (96 bytes).
    Removing oled.o(i.OLED_Clear), (48 bytes).
    Removing oled.o(i.OLED_Display_Off), (28 bytes).
    Removing oled.o(i.OLED_Display_On), (28 bytes).
    Removing oled.o(i.OLED_DrawPoint), (104 bytes).
    Removing oled.o(i.OLED_Init), (212 bytes).
    Removing oled.o(i.OLED_Refresh_Gram), (76 bytes).
    Removing oled.o(i.OLED_ShowChar), (168 bytes).
    Removing oled.o(i.OLED_ShowNumber), (148 bytes).
    Removing oled.o(i.OLED_ShowString), (68 bytes).
    Removing oled.o(.bss), (1024 bytes).
    Removing oled.o(.constdata), (2660 bytes).
    Removing oled_spi.o(i.OLED_WR_Byte), (24 bytes).
    Removing oled_spi.o(i.SPI_Configuration), (264 bytes).
    Removing oled_spi.o(i.SPI_WriterByte), (52 bytes).
    Removing oled_spi.o(i.WriteCmd), (52 bytes).
    Removing oled_spi.o(i.WriteDat), (52 bytes).
    Removing openmv.o(i.OpenMV_Offline_Check), (44 bytes).
    Removing pwm.o(i.TIM1_PWM_Init), (156 bytes).
    Removing pwm.o(i.TIM2_PWM_Init), (188 bytes).
    Removing pwm.o(i.TIM3_PWM_Init), (232 bytes).
    Removing pwm.o(i.TIM4_PWM_Init), (204 bytes).
    Removing sys.o(.emb_text), (6 bytes).
    Removing sys.o(i.INTX_DISABLE), (4 bytes).
    Removing sys.o(i.INTX_ENABLE), (4 bytes).
    Removing sys.o(i.JTAG_Set), (48 bytes).
    Removing sys.o(i.WFI_SET), (4 bytes).
    Removing time.o(i.Get_Delta_T), (38 bytes).
    Removing usart.o(i.Uart1_Put_Char), (48 bytes).
    Removing usart.o(i.fputc), (36 bytes).
    Removing uart2.o(i.Uart2_Flush), (20 bytes).
    Removing uart2.o(i.Uart2_Init), (164 bytes).
    Removing uart2.o(i.Uart2_Read), (64 bytes).
    Removing uart2.o(i.Uart2_Send), (64 bytes).
    Removing usart3.o(i.Uart3_Put_Buf), (76 bytes).
    Removing usart3.o(i.Uart3_Put_Char), (48 bytes).
    Removing usart3.o(i.Usart3_Init), (188 bytes).
    Removing usart3.o(i.Usart3_SendByte), (32 bytes).
    Removing usart3.o(i.Usart3_SendWord), (60 bytes).
    Removing my_math.o(i.my_len), (32 bytes).
    Removing my_math.o(i.my_pows), (22 bytes).
    Removing servo.o(i.angle_to_number), (76 bytes).
    Removing servo.o(i.number_to_angle), (56 bytes).
    Removing servo.o(i.servo_output), (2 bytes).
    Removing scs.o(i.Ack), (104 bytes).
    Removing scs.o(i.Host2SCS), (28 bytes).
    Removing scs.o(i.Ping), (130 bytes).
    Removing scs.o(i.Read), (172 bytes).
    Removing scs.o(i.SCS2Host), (28 bytes).
    Removing scs.o(i.checkHead), (78 bytes).
    Removing scs.o(i.genWrite), (42 bytes).
    Removing scs.o(i.readByte), (36 bytes).
    Removing scs.o(i.readWord), (48 bytes).
    Removing scs.o(i.regAction), (36 bytes).
    Removing scs.o(i.regWrite), (42 bytes).
    Removing scs.o(i.syncWrite), (190 bytes).
    Removing scs.o(i.writeBuf), (146 bytes).
    Removing scs.o(i.writeByte), (42 bytes).
    Removing scs.o(i.writeWord), (52 bytes).
    Removing scs.o(.data), (2 bytes).
    Removing scscl.o(i.EnableTorque), (18 bytes).
    Removing scscl.o(i.FeedBack), (52 bytes).
    Removing scscl.o(i.LockEprom), (16 bytes).
    Removing scscl.o(i.PWMMode), (36 bytes).
    Removing scscl.o(i.ReadCurrent), (84 bytes).
    Removing scscl.o(i.ReadLoad), (80 bytes).
    Removing scscl.o(i.ReadMove), (56 bytes).
    Removing scscl.o(i.ReadPos), (68 bytes).
    Removing scscl.o(i.ReadSpeed), (84 bytes).
    Removing scscl.o(i.ReadTemper), (56 bytes).
    Removing scscl.o(i.ReadVoltage), (56 bytes).
    Removing scscl.o(i.RegWriteAction), (10 bytes).
    Removing scscl.o(i.RegWritePos), (64 bytes).
    Removing scscl.o(i.SyncWritePos), (162 bytes).
    Removing scscl.o(i.WritePWM), (76 bytes).
    Removing scscl.o(i.WritePos), (72 bytes).
    Removing scscl.o(i.getErr), (12 bytes).
    Removing scscl.o(i.unLockEprom), (16 bytes).
    Removing scscl.o(.bss), (15 bytes).
    Removing scscl.o(.data), (4 bytes).
    Removing scserail.o(i.rFlushSCS), (8 bytes).
    Removing scserail.o(i.readSCS), (80 bytes).
    Removing scserail.o(i.wFlushSCS), (36 bytes).
    Removing scserail.o(i.writeSCS), (60 bytes).
    Removing scserail.o(.bss), (128 bytes).
    Removing scserail.o(.data), (5 bytes).
    Removing encoder.o(i.Encoder_Init), (8 bytes).
    Removing encoder.o(i.Encoder_Init_TIM1), (152 bytes).
    Removing encoder.o(i.Encoder_Init_TIM2), (152 bytes).
    Removing encoder.o(i.Encoder_Init_TIM3), (156 bytes).
    Removing encoder.o(i.Encoder_Init_TIM4), (156 bytes).
    Removing encoder.o(i.Encoder_Init_TIM5), (156 bytes).
    Removing encoder.o(i.Read_Encoder), (56 bytes).
    Removing encoder.o(i.TIM1_IRQHandler), (24 bytes).
    Removing exti.o(i.LEVIATHAN_EXTI_Init), (112 bytes).
    Removing motor.o(i.MOTORA_control), (68 bytes).
    Removing motor.o(i.Motor_Init), (44 bytes).
    Removing motor.o(i.Motor_PWM_Init), (20 bytes).
    Removing config.o(i.data_config), (2 bytes).
    Removing config.o(.data), (100 bytes).
    Removing control.o(i.Incremental_PI_A), (172 bytes).
    Removing control.o(i.Incremental_PI_B), (172 bytes).
    Removing control.o(i.Incremental_PI_C), (172 bytes).
    Removing control.o(i.Incremental_PI_D), (172 bytes).
    Removing control.o(i.Postion_PID), (312 bytes).
    Removing control.o(i.Set_Pwm), (72 bytes).
    Removing control.o(i.Xianfu_Pwm), (36 bytes).
    Removing control.o(i.Xianfu_Velocity), (132 bytes).
    Removing control.o(i.lanya), (52 bytes).
    Removing control.o(.data), (64 bytes).
    Removing scheduler.o(.bss), (36 bytes).
    Removing show.o(i.oled_show), (452 bytes).
    Removing ffltui.o(.text), (10 bytes).
    Removing dfltui.o(.text), (26 bytes).
    Removing dfixui.o(.text), (50 bytes).

579 unused section(s) (total 32352 bytes) removed from the image.

==============================================================================

Image Symbol Table

    Local Symbols

    Symbol Name                              Value     Ov Type        Size  Object(Section)

    ../clib/../cmprslib/zerorunl2.c          0x00000000   Number         0  __dczerorl2.o ABSOLUTE
    ../clib/microlib/errno.c                 0x00000000   Number         0  errno.o ABSOLUTE
    ../clib/microlib/init/entry.s            0x00000000   Number         0  entry8a.o ABSOLUTE
    ../clib/microlib/init/entry.s            0x00000000   Number         0  entry7a.o ABSOLUTE
    ../clib/microlib/init/entry.s            0x00000000   Number         0  entry5.o ABSOLUTE
    ../clib/microlib/init/entry.s            0x00000000   Number         0  entry.o ABSOLUTE
    ../clib/microlib/init/entry.s            0x00000000   Number         0  entry2.o ABSOLUTE
    ../clib/microlib/init/entry.s            0x00000000   Number         0  entry7b.o ABSOLUTE
    ../clib/microlib/init/entry.s            0x00000000   Number         0  entry8b.o ABSOLUTE
    ../clib/microlib/init/entry.s            0x00000000   Number         0  entry9a.o ABSOLUTE
    ../clib/microlib/init/entry.s            0x00000000   Number         0  entry9b.o ABSOLUTE
    ../clib/microlib/init/entry.s            0x00000000   Number         0  entry10a.o ABSOLUTE
    ../clib/microlib/init/entry.s            0x00000000   Number         0  entry11a.o ABSOLUTE
    ../clib/microlib/init/entry.s            0x00000000   Number         0  entry11b.o ABSOLUTE
    ../clib/microlib/init/entry.s            0x00000000   Number         0  entry10b.o ABSOLUTE
    ../clib/microlib/longlong.c              0x00000000   Number         0  llshl.o ABSOLUTE
    ../clib/microlib/longlong.c              0x00000000   Number         0  llsshr.o ABSOLUTE
    ../clib/microlib/longlong.c              0x00000000   Number         0  llushr.o ABSOLUTE
    ../clib/microlib/stubs.s                 0x00000000   Number         0  iusefp.o ABSOLUTE
    ../fplib/microlib/d2f.c                  0x00000000   Number         0  d2f.o ABSOLUTE
    ../fplib/microlib/f2d.c                  0x00000000   Number         0  f2d.o ABSOLUTE
    ../fplib/microlib/fpadd.c                0x00000000   Number         0  dadd.o ABSOLUTE
    ../fplib/microlib/fpadd.c                0x00000000   Number         0  fadd.o ABSOLUTE
    ../fplib/microlib/fpdiv.c                0x00000000   Number         0  ddiv.o ABSOLUTE
    ../fplib/microlib/fpdiv.c                0x00000000   Number         0  fdiv.o ABSOLUTE
    ../fplib/microlib/fpepilogue.c           0x00000000   Number         0  fepilogue.o ABSOLUTE
    ../fplib/microlib/fpepilogue.c           0x00000000   Number         0  depilogue.o ABSOLUTE
    ../fplib/microlib/fpfix.c                0x00000000   Number         0  dfixui.o ABSOLUTE
    ../fplib/microlib/fpfix.c                0x00000000   Number         0  ffixi.o ABSOLUTE
    ../fplib/microlib/fpflt.c                0x00000000   Number         0  dfltui.o ABSOLUTE
    ../fplib/microlib/fpflt.c                0x00000000   Number         0  fflti.o ABSOLUTE
    ../fplib/microlib/fpflt.c                0x00000000   Number         0  ffltui.o ABSOLUTE
    ../fplib/microlib/fpmul.c                0x00000000   Number         0  fmul.o ABSOLUTE
    ../fplib/microlib/fpmul.c                0x00000000   Number         0  dmul.o ABSOLUTE
    ../fplib/microlib/fpscalb.c              0x00000000   Number         0  dscalb.o ABSOLUTE
    ../mathlib/atan.c                        0x00000000   Number         0  atan.o ABSOLUTE
    ../mathlib/atan.c                        0x00000000   Number         0  atan_x.o ABSOLUTE
    ../mathlib/atan2.c                       0x00000000   Number         0  atan2.o ABSOLUTE
    ../mathlib/atan2.c                       0x00000000   Number         0  atan2_x.o ABSOLUTE
    ../mathlib/dunder.c                      0x00000000   Number         0  dunder.o ABSOLUTE
    ../mathlib/fpclassify.c                  0x00000000   Number         0  fpclassify.o ABSOLUTE
    ../mathlib/poly.c                        0x00000000   Number         0  poly.o ABSOLUTE
    ../mathlib/qnan.c                        0x00000000   Number         0  qnan.o ABSOLUTE
    Libraries\CMSIS\core_cm3.c               0x00000000   Number         0  core_cm3.o ABSOLUTE
    Libraries\CMSIS\startup_stm32f10x_md.s   0x00000000   Number         0  startup_stm32f10x_md.o ABSOLUTE
    Libraries\CMSIS\stm32f10x_it.c           0x00000000   Number         0  stm32f10x_it.o ABSOLUTE
    Libraries\CMSIS\system_stm32f10x.c       0x00000000   Number         0  system_stm32f10x.o ABSOLUTE
    Libraries\STM32F10x_FWLib\src\misc.c     0x00000000   Number         0  misc.o ABSOLUTE
    Libraries\STM32F10x_FWLib\src\stm32f10x_adc.c 0x00000000   Number         0  stm32f10x_adc.o ABSOLUTE
    Libraries\STM32F10x_FWLib\src\stm32f10x_bkp.c 0x00000000   Number         0  stm32f10x_bkp.o ABSOLUTE
    Libraries\STM32F10x_FWLib\src\stm32f10x_can.c 0x00000000   Number         0  stm32f10x_can.o ABSOLUTE
    Libraries\STM32F10x_FWLib\src\stm32f10x_cec.c 0x00000000   Number         0  stm32f10x_cec.o ABSOLUTE
    Libraries\STM32F10x_FWLib\src\stm32f10x_crc.c 0x00000000   Number         0  stm32f10x_crc.o ABSOLUTE
    Libraries\STM32F10x_FWLib\src\stm32f10x_dac.c 0x00000000   Number         0  stm32f10x_dac.o ABSOLUTE
    Libraries\STM32F10x_FWLib\src\stm32f10x_dbgmcu.c 0x00000000   Number         0  stm32f10x_dbgmcu.o ABSOLUTE
    Libraries\STM32F10x_FWLib\src\stm32f10x_dma.c 0x00000000   Number         0  stm32f10x_dma.o ABSOLUTE
    Libraries\STM32F10x_FWLib\src\stm32f10x_exti.c 0x00000000   Number         0  stm32f10x_exti.o ABSOLUTE
    Libraries\STM32F10x_FWLib\src\stm32f10x_flash.c 0x00000000   Number         0  stm32f10x_flash.o ABSOLUTE
    Libraries\STM32F10x_FWLib\src\stm32f10x_fsmc.c 0x00000000   Number         0  stm32f10x_fsmc.o ABSOLUTE
    Libraries\STM32F10x_FWLib\src\stm32f10x_gpio.c 0x00000000   Number         0  stm32f10x_gpio.o ABSOLUTE
    Libraries\STM32F10x_FWLib\src\stm32f10x_i2c.c 0x00000000   Number         0  stm32f10x_i2c.o ABSOLUTE
    Libraries\STM32F10x_FWLib\src\stm32f10x_iwdg.c 0x00000000   Number         0  stm32f10x_iwdg.o ABSOLUTE
    Libraries\STM32F10x_FWLib\src\stm32f10x_pwr.c 0x00000000   Number         0  stm32f10x_pwr.o ABSOLUTE
    Libraries\STM32F10x_FWLib\src\stm32f10x_rcc.c 0x00000000   Number         0  stm32f10x_rcc.o ABSOLUTE
    Libraries\STM32F10x_FWLib\src\stm32f10x_rtc.c 0x00000000   Number         0  stm32f10x_rtc.o ABSOLUTE
    Libraries\STM32F10x_FWLib\src\stm32f10x_sdio.c 0x00000000   Number         0  stm32f10x_sdio.o ABSOLUTE
    Libraries\STM32F10x_FWLib\src\stm32f10x_spi.c 0x00000000   Number         0  stm32f10x_spi.o ABSOLUTE
    Libraries\STM32F10x_FWLib\src\stm32f10x_tim.c 0x00000000   Number         0  stm32f10x_tim.o ABSOLUTE
    Libraries\STM32F10x_FWLib\src\stm32f10x_usart.c 0x00000000   Number         0  stm32f10x_usart.o ABSOLUTE
    Libraries\STM32F10x_FWLib\src\stm32f10x_wwdg.c 0x00000000   Number         0  stm32f10x_wwdg.o ABSOLUTE
    Libraries\\CMSIS\\core_cm3.c             0x00000000   Number         0  core_cm3.o ABSOLUTE
    SRC\\drivers\\sys.c                      0x00000000   Number         0  sys.o ABSOLUTE
    SRC\applications\Scheduler.c             0x00000000   Number         0  scheduler.o ABSOLUTE
    SRC\applications\config.c                0x00000000   Number         0  config.o ABSOLUTE
    SRC\applications\control.c               0x00000000   Number         0  control.o ABSOLUTE
    SRC\applications\main.c                  0x00000000   Number         0  main_1.o ABSOLUTE
    SRC\applications\my_math.c               0x00000000   Number         0  my_math.o ABSOLUTE
    SRC\applications\servo.c                 0x00000000   Number         0  servo.o ABSOLUTE
    SRC\applications\show.c                  0x00000000   Number         0  show.o ABSOLUTE
    SRC\drivers\DT.c                         0x00000000   Number         0  dt.o ABSOLUTE
    SRC\drivers\SCS.c                        0x00000000   Number         0  scs.o ABSOLUTE
    SRC\drivers\SCSCL.c                      0x00000000   Number         0  scscl.o ABSOLUTE
    SRC\drivers\SCSerail.c                   0x00000000   Number         0  scserail.o ABSOLUTE
    SRC\drivers\encoder.c                    0x00000000   Number         0  encoder.o ABSOLUTE
    SRC\drivers\exti.c                       0x00000000   Number         0  exti.o ABSOLUTE
    SRC\drivers\filter.c                     0x00000000   Number         0  filter.o ABSOLUTE
    SRC\drivers\hcsr04.c                     0x00000000   Number         0  hcsr04.o ABSOLUTE
    SRC\drivers\motor.c                      0x00000000   Number         0  motor.o ABSOLUTE
    SRC\drivers\mpu6050.c                    0x00000000   Number         0  mpu6050.o ABSOLUTE
    SRC\drivers\mpu9250.c                    0x00000000   Number         0  mpu9250.o ABSOLUTE
    SRC\drivers\mpuiic.c                     0x00000000   Number         0  mpuiic.o ABSOLUTE
    SRC\drivers\oled.c                       0x00000000   Number         0  oled.o ABSOLUTE
    SRC\drivers\oled_spi.c                   0x00000000   Number         0  oled_spi.o ABSOLUTE
    SRC\drivers\openmv.c                     0x00000000   Number         0  openmv.o ABSOLUTE
    SRC\drivers\pwm.c                        0x00000000   Number         0  pwm.o ABSOLUTE
    SRC\drivers\sys.c                        0x00000000   Number         0  sys.o ABSOLUTE
    SRC\drivers\time.c                       0x00000000   Number         0  time.o ABSOLUTE
    SRC\drivers\uart2.c                      0x00000000   Number         0  uart2.o ABSOLUTE
    SRC\drivers\usart.c                      0x00000000   Number         0  usart.o ABSOLUTE
    SRC\drivers\usart3.c                     0x00000000   Number         0  usart3.o ABSOLUTE
    cfcmple.s                                0x00000000   Number         0  cfcmple.o ABSOLUTE
    cfrcmple.s                               0x00000000   Number         0  cfrcmple.o ABSOLUTE
    dc.s                                     0x00000000   Number         0  dc.o ABSOLUTE
    handlers.s                               0x00000000   Number         0  handlers.o ABSOLUTE
    init.s                                   0x00000000   Number         0  init.o ABSOLUTE
    RESET                                    0x08000000   Section      236  startup_stm32f10x_md.o(RESET)
    .ARM.Collect$$$$00000000                 0x080000ec   Section        0  entry.o(.ARM.Collect$$$$00000000)
    .ARM.Collect$$$$00000001                 0x080000ec   Section        4  entry2.o(.ARM.Collect$$$$00000001)
    .ARM.Collect$$$$00000004                 0x080000f0   Section        4  entry5.o(.ARM.Collect$$$$00000004)
    .ARM.Collect$$$$00000008                 0x080000f4   Section        0  entry7b.o(.ARM.Collect$$$$00000008)
    .ARM.Collect$$$$0000000A                 0x080000f4   Section        0  entry8b.o(.ARM.Collect$$$$0000000A)
    .ARM.Collect$$$$0000000B                 0x080000f4   Section        8  entry9a.o(.ARM.Collect$$$$0000000B)
    .ARM.Collect$$$$0000000D                 0x080000fc   Section        0  entry10a.o(.ARM.Collect$$$$0000000D)
    .ARM.Collect$$$$0000000F                 0x080000fc   Section        0  entry11a.o(.ARM.Collect$$$$0000000F)
    .ARM.Collect$$$$00002712                 0x080000fc   Section        4  entry2.o(.ARM.Collect$$$$00002712)
    __lit__00000000                          0x080000fc   Data           4  entry2.o(.ARM.Collect$$$$00002712)
    .text                                    0x08000100   Section       36  startup_stm32f10x_md.o(.text)
    .text                                    0x08000124   Section        0  fadd.o(.text)
    .text                                    0x080001d4   Section        0  fmul.o(.text)
    .text                                    0x08000238   Section        0  fdiv.o(.text)
    .text                                    0x080002b4   Section        0  dmul.o(.text)
    .text                                    0x08000398   Section        0  ddiv.o(.text)
    .text                                    0x08000476   Section        0  fflti.o(.text)
    .text                                    0x08000488   Section        0  ffixi.o(.text)
    .text                                    0x080004ba   Section        0  f2d.o(.text)
    .text                                    0x080004e0   Section        0  d2f.o(.text)
    .text                                    0x08000518   Section       20  cfcmple.o(.text)
    .text                                    0x0800052c   Section       20  cfrcmple.o(.text)
    .text                                    0x08000540   Section        0  llushr.o(.text)
    .text                                    0x08000560   Section        0  iusefp.o(.text)
    .text                                    0x08000560   Section        0  fepilogue.o(.text)
    .text                                    0x080005ce   Section        0  depilogue.o(.text)
    .text                                    0x08000688   Section        0  dadd.o(.text)
    .text                                    0x080007d8   Section       36  init.o(.text)
    .text                                    0x080007fc   Section        0  llshl.o(.text)
    .text                                    0x0800081a   Section        0  llsshr.o(.text)
    .text                                    0x0800083e   Section        0  dscalb.o(.text)
    .text                                    0x0800086c   Section        0  __dczerorl2.o(.text)
    i.BusFault_Handler                       0x080008c2   Section        0  stm32f10x_it.o(i.BusFault_Handler)
    i.DT_Send03                              0x080008c8   Section        0  dt.o(i.DT_Send03)
    i.DebugMon_Handler                       0x080009b0   Section        0  stm32f10x_it.o(i.DebugMon_Handler)
    i.Delay_ms                               0x080009b2   Section        0  time.o(i.Delay_ms)
    i.Delay_us                               0x080009ca   Section        0  time.o(i.Delay_us)
    i.GPIO_Init                              0x080009e2   Section        0  stm32f10x_gpio.o(i.GPIO_Init)
    i.GetSysTime_us                          0x08000af8   Section        0  time.o(i.GetSysTime_us)
    i.Get_Angle                              0x08000b38   Section        0  filter.o(i.Get_Angle)
    i.HardFault_Handler                      0x08000e24   Section        0  stm32f10x_it.o(i.HardFault_Handler)
    i.Kalman_Filter_X                        0x08000e28   Section        0  filter.o(i.Kalman_Filter_X)
    i.Kalman_Filter_Y                        0x080010ac   Section        0  filter.o(i.Kalman_Filter_Y)
    i.Loop_1000Hz                            0x08001330   Section        0  scheduler.o(i.Loop_1000Hz)
    Loop_1000Hz                              0x08001331   Thumb Code     2  scheduler.o(i.Loop_1000Hz)
    i.Loop_100Hz                             0x08001332   Section        0  scheduler.o(i.Loop_100Hz)
    Loop_100Hz                               0x08001333   Thumb Code     2  scheduler.o(i.Loop_100Hz)
    i.Loop_10Hz                              0x08001334   Section        0  scheduler.o(i.Loop_10Hz)
    Loop_10Hz                                0x08001335   Thumb Code     2  scheduler.o(i.Loop_10Hz)
    i.Loop_200Hz                             0x08001336   Section        0  scheduler.o(i.Loop_200Hz)
    Loop_200Hz                               0x08001337   Thumb Code     8  scheduler.o(i.Loop_200Hz)
    i.Loop_20Hz                              0x0800133e   Section        0  scheduler.o(i.Loop_20Hz)
    Loop_20Hz                                0x0800133f   Thumb Code     2  scheduler.o(i.Loop_20Hz)
    i.Loop_2Hz                               0x08001340   Section        0  scheduler.o(i.Loop_2Hz)
    Loop_2Hz                                 0x08001341   Thumb Code     2  scheduler.o(i.Loop_2Hz)
    i.Loop_500Hz                             0x08001342   Section        0  scheduler.o(i.Loop_500Hz)
    Loop_500Hz                               0x08001343   Thumb Code     2  scheduler.o(i.Loop_500Hz)
    i.Loop_50Hz                              0x08001344   Section        0  scheduler.o(i.Loop_50Hz)
    Loop_50Hz                                0x08001345   Thumb Code     2  scheduler.o(i.Loop_50Hz)
    i.MPU6050_INT_Disabled                   0x08001346   Section        0  mpu6050.o(i.MPU6050_INT_Disabled)
    i.MPU6050_initialize                     0x08001358   Section        0  mpu6050.o(i.MPU6050_initialize)
    i.MPU6050_resetEnabled                   0x080013a6   Section        0  mpu6050.o(i.MPU6050_resetEnabled)
    i.MPU6050_setClockSource                 0x080013be   Section        0  mpu6050.o(i.MPU6050_setClockSource)
    i.MPU6050_setFullScaleAccelRange         0x080013d2   Section        0  mpu6050.o(i.MPU6050_setFullScaleAccelRange)
    i.MPU6050_setFullScaleGyroRange          0x080013e6   Section        0  mpu6050.o(i.MPU6050_setFullScaleGyroRange)
    i.MPU6050_setI2CBypassEnabled            0x080013fa   Section        0  mpu6050.o(i.MPU6050_setI2CBypassEnabled)
    i.MPU6050_setI2CMasterModeEnabled        0x0800140c   Section        0  mpu6050.o(i.MPU6050_setI2CMasterModeEnabled)
    i.MPU6050_setSleepEnabled                0x0800141e   Section        0  mpu6050.o(i.MPU6050_setSleepEnabled)
    i.MPU6050_set_Gyro_Accel_outRange        0x08001430   Section        0  mpu6050.o(i.MPU6050_set_Gyro_Accel_outRange)
    i.MPU6050_set_Gyro_DLPF_outRange         0x08001444   Section        0  mpu6050.o(i.MPU6050_set_Gyro_DLPF_outRange)
    i.MPU6050_set_SMPRT_DIV                  0x08001458   Section        0  mpu6050.o(i.MPU6050_set_SMPRT_DIV)
    i.MPU6050_testConnection                 0x08001468   Section        0  mpu6050.o(i.MPU6050_testConnection)
    i.MPU_I2C_ReadOneByte                    0x08001488   Section        0  mpuiic.o(i.MPU_I2C_ReadOneByte)
    i.MPU_IIC_Ack                            0x080014d4   Section        0  mpuiic.o(i.MPU_IIC_Ack)
    i.MPU_IIC_Init                           0x08001520   Section        0  mpuiic.o(i.MPU_IIC_Init)
    i.MPU_IIC_NAck                           0x0800154c   Section        0  mpuiic.o(i.MPU_IIC_NAck)
    i.MPU_IIC_Read_Byte                      0x08001598   Section        0  mpuiic.o(i.MPU_IIC_Read_Byte)
    i.MPU_IIC_Send_Byte                      0x08001608   Section        0  mpuiic.o(i.MPU_IIC_Send_Byte)
    i.MPU_IIC_Start                          0x0800166c   Section        0  mpuiic.o(i.MPU_IIC_Start)
    i.MPU_IIC_Stop                           0x080016d4   Section        0  mpuiic.o(i.MPU_IIC_Stop)
    i.MPU_IIC_Wait_Ack                       0x0800171c   Section        0  mpuiic.o(i.MPU_IIC_Wait_Ack)
    i.MPU_IICreadByte                        0x08001784   Section        0  mpuiic.o(i.MPU_IICreadByte)
    i.MPU_IICreadBytes                       0x0800179a   Section        0  mpuiic.o(i.MPU_IICreadBytes)
    i.MPU_IICwriteBit                        0x08001804   Section        0  mpuiic.o(i.MPU_IICwriteBit)
    i.MPU_IICwriteBits                       0x08001844   Section        0  mpuiic.o(i.MPU_IICwriteBits)
    i.MPU_IICwriteByte                       0x080018ae   Section        0  mpuiic.o(i.MPU_IICwriteByte)
    i.MPU_IICwriteBytes                      0x080018c2   Section        0  mpuiic.o(i.MPU_IICwriteBytes)
    i.MemManage_Handler                      0x0800190c   Section        0  stm32f10x_it.o(i.MemManage_Handler)
    i.NMI_Handler                            0x08001910   Section        0  stm32f10x_it.o(i.NMI_Handler)
    i.NVIC_Init                              0x08001914   Section        0  misc.o(i.NVIC_Init)
    i.NVIC_PriorityGroupConfig               0x08001984   Section        0  misc.o(i.NVIC_PriorityGroupConfig)
    i.OpenMV_Byte_Get                        0x08001998   Section        0  openmv.o(i.OpenMV_Byte_Get)
    i.OpenMV_Check_Reset                     0x08001aa4   Section        0  openmv.o(i.OpenMV_Check_Reset)
    OpenMV_Check_Reset                       0x08001aa5   Thumb Code    12  openmv.o(i.OpenMV_Check_Reset)
    i.OpenMV_Data_Analysis                   0x08001ab8   Section        0  openmv.o(i.OpenMV_Data_Analysis)
    OpenMV_Data_Analysis                     0x08001ab9   Thumb Code   194  openmv.o(i.OpenMV_Data_Analysis)
    i.PendSV_Handler                         0x08001b8c   Section        0  stm32f10x_it.o(i.PendSV_Handler)
    i.RCC_APB1PeriphClockCmd                 0x08001b90   Section        0  stm32f10x_rcc.o(i.RCC_APB1PeriphClockCmd)
    i.RCC_APB1PeriphResetCmd                 0x08001bb0   Section        0  stm32f10x_rcc.o(i.RCC_APB1PeriphResetCmd)
    i.RCC_APB2PeriphClockCmd                 0x08001bd0   Section        0  stm32f10x_rcc.o(i.RCC_APB2PeriphClockCmd)
    i.RCC_APB2PeriphResetCmd                 0x08001bf0   Section        0  stm32f10x_rcc.o(i.RCC_APB2PeriphResetCmd)
    i.RCC_GetClocksFreq                      0x08001c10   Section        0  stm32f10x_rcc.o(i.RCC_GetClocksFreq)
    i.SVC_Handler                            0x08001ce4   Section        0  stm32f10x_it.o(i.SVC_Handler)
    i.Scheduler_Run                          0x08001ce8   Section        0  scheduler.o(i.Scheduler_Run)
    i.Scheduler_Setup                        0x08001d38   Section        0  scheduler.o(i.Scheduler_Setup)
    i.SetSysClock                            0x08001d88   Section        0  system_stm32f10x.o(i.SetSysClock)
    SetSysClock                              0x08001d89   Thumb Code     8  system_stm32f10x.o(i.SetSysClock)
    i.SetSysClockTo72                        0x08001d90   Section        0  system_stm32f10x.o(i.SetSysClockTo72)
    SetSysClockTo72                          0x08001d91   Thumb Code   214  system_stm32f10x.o(i.SetSysClockTo72)
    i.SysTick_CLKSourceConfig                0x08001e70   Section        0  misc.o(i.SysTick_CLKSourceConfig)
    i.SysTick_Configuration                  0x08001e98   Section        0  time.o(i.SysTick_Configuration)
    i.SysTick_GetTick                        0x08001f04   Section        0  time.o(i.SysTick_GetTick)
    i.SysTick_Handler                        0x08001f10   Section        0  time.o(i.SysTick_Handler)
    i.SystemInit                             0x08001f28   Section        0  system_stm32f10x.o(i.SystemInit)
    i.TIM2_IRQHandler                        0x08001f88   Section        0  encoder.o(i.TIM2_IRQHandler)
    i.TIM4_IRQHandler                        0x08001fa0   Section        0  control.o(i.TIM4_IRQHandler)
    i.TIM_CONF                               0x08001fb8   Section        0  time.o(i.TIM_CONF)
    i.TIM_ClearFlag                          0x08002010   Section        0  stm32f10x_tim.o(i.TIM_ClearFlag)
    i.TIM_ClearITPendingBit                  0x08002016   Section        0  stm32f10x_tim.o(i.TIM_ClearITPendingBit)
    i.TIM_Cmd                                0x0800201c   Section        0  stm32f10x_tim.o(i.TIM_Cmd)
    i.TIM_DeInit                             0x08002034   Section        0  stm32f10x_tim.o(i.TIM_DeInit)
    i.TIM_GetITStatus                        0x0800221c   Section        0  stm32f10x_tim.o(i.TIM_GetITStatus)
    i.TIM_INIT                               0x0800223e   Section        0  time.o(i.TIM_INIT)
    i.TIM_ITConfig                           0x08002252   Section        0  stm32f10x_tim.o(i.TIM_ITConfig)
    i.TIM_NVIC                               0x08002264   Section        0  time.o(i.TIM_NVIC)
    i.TIM_TimeBaseInit                       0x08002288   Section        0  stm32f10x_tim.o(i.TIM_TimeBaseInit)
    i.USART1_IRQHandler                      0x0800232c   Section        0  usart.o(i.USART1_IRQHandler)
    i.USART2_IRQHandler                      0x080023b4   Section        0  uart2.o(i.USART2_IRQHandler)
    i.USART3_IRQHandler                      0x080023f4   Section        0  usart3.o(i.USART3_IRQHandler)
    i.USART_ClearITPendingBit                0x08002488   Section        0  stm32f10x_usart.o(i.USART_ClearITPendingBit)
    i.USART_Cmd                              0x080024a6   Section        0  stm32f10x_usart.o(i.USART_Cmd)
    i.USART_GetITStatus                      0x080024be   Section        0  stm32f10x_usart.o(i.USART_GetITStatus)
    i.USART_ITConfig                         0x08002512   Section        0  stm32f10x_usart.o(i.USART_ITConfig)
    i.USART_Init                             0x0800255c   Section        0  stm32f10x_usart.o(i.USART_Init)
    i.USART_ReceiveData                      0x08002634   Section        0  stm32f10x_usart.o(i.USART_ReceiveData)
    i.Uart1_Put_Buf                          0x08002640   Section        0  usart.o(i.Uart1_Put_Buf)
    i.UsageFault_Handler                     0x0800268c   Section        0  stm32f10x_it.o(i.UsageFault_Handler)
    i.__ARM_fpclassify                       0x08002690   Section        0  fpclassify.o(i.__ARM_fpclassify)
    i.__kernel_poly                          0x080026b8   Section        0  poly.o(i.__kernel_poly)
    i.__mathlib_dbl_infnan                   0x08002762   Section        0  dunder.o(i.__mathlib_dbl_infnan)
    i.__mathlib_dbl_infnan2                  0x08002768   Section        0  dunder.o(i.__mathlib_dbl_infnan2)
    i.__mathlib_dbl_underflow                0x0800276c   Section        0  dunder.o(i.__mathlib_dbl_underflow)
    i.__scatterload_copy                     0x0800277c   Section       14  handlers.o(i.__scatterload_copy)
    i.__scatterload_null                     0x0800278a   Section        2  handlers.o(i.__scatterload_null)
    i.__scatterload_zeroinit                 0x0800278c   Section       14  handlers.o(i.__scatterload_zeroinit)
    i.atan                                   0x0800279c   Section        0  atan.o(i.atan)
    i.atan2                                  0x080029bc   Section        0  atan2.o(i.atan2)
    i.init_config                            0x08002b3c   Section        0  config.o(i.init_config)
    i.main                                   0x08002b64   Section        0  main_1.o(i.main)
    i.sys_time                               0x08002b70   Section        0  time.o(i.sys_time)
    i.uart_init                              0x08002b80   Section        0  usart.o(i.uart_init)
    .constdata                               0x08002c20   Section      152  atan.o(.constdata)
    atanhi                                   0x08002c20   Data          32  atan.o(.constdata)
    atanlo                                   0x08002c40   Data          32  atan.o(.constdata)
    aTodd                                    0x08002c60   Data          40  atan.o(.constdata)
    aTeven                                   0x08002c88   Data          48  atan.o(.constdata)
    .constdata                               0x08002cb8   Section        8  qnan.o(.constdata)
    .data                                    0x20000000   Section       20  system_stm32f10x.o(.data)
    .data                                    0x20000014   Section       20  stm32f10x_rcc.o(.data)
    APBAHBPrescTable                         0x20000014   Data          16  stm32f10x_rcc.o(.data)
    ADCPrescTable                            0x20000024   Data           4  stm32f10x_rcc.o(.data)
    .data                                    0x20000028   Section      256  filter.o(.data)
    .data                                    0x20000128   Section       10  openmv.o(.data)
    len                                      0x20000130   Data           1  openmv.o(.data)
    rec_sta                                  0x20000131   Data           1  openmv.o(.data)
    .data                                    0x20000134   Section        8  time.o(.data)
    .data                                    0x2000013c   Section        3  usart.o(.data)
    TxCounter                                0x2000013d   Data           1  usart.o(.data)
    count                                    0x2000013e   Data           1  usart.o(.data)
    .data                                    0x20000140   Section        8  uart2.o(.data)
    .data                                    0x20000148   Section        2  usart3.o(.data)
    TxCounter                                0x20000148   Data           1  usart3.o(.data)
    count                                    0x20000149   Data           1  usart3.o(.data)
    .data                                    0x2000014c   Section       96  scheduler.o(.data)
    sched_tasks                              0x2000014c   Data          96  scheduler.o(.data)
    .bss                                     0x200001ac   Section      100  dt.o(.bss)
    .bss                                     0x20000210   Section       48  filter.o(.bss)
    .bss                                     0x20000240   Section       14  mpu6050.o(.bss)
    .bss                                     0x2000024e   Section       46  openmv.o(.bss)
    .bss                                     0x2000027c   Section      256  usart.o(.bss)
    TxBuffer                                 0x2000027c   Data         256  usart.o(.bss)
    .bss                                     0x2000037c   Section      128  uart2.o(.bss)
    .bss                                     0x200003fc   Section      256  usart3.o(.bss)
    TxBuffer                                 0x200003fc   Data         256  usart3.o(.bss)
    STACK                                    0x20000500   Section     1024  startup_stm32f10x_md.o(STACK)

    Global Symbols

    Symbol Name                              Value     Ov Type        Size  Object(Section)

    BuildAttributes$$THM_ISAv4$P$D$K$B$S$PE$A:L22UL41UL21$X:L11$S22US41US21$IEEE1$IW$USESV6$~STKCKD$USESV7$~SHL$OTIME$ROPI$IEEEX$EBA8$MICROLIB$REQ8$PRES8$EABIv2 0x00000000   Number         0  anon$$obj.o ABSOLUTE
    __ARM_use_no_argv                        0x00000000   Number         0  main_1.o ABSOLUTE
    __cpp_initialize__aeabi_                  - Undefined Weak Reference
    __cxa_finalize                            - Undefined Weak Reference
    _clock_init                               - Undefined Weak Reference
    _microlib_exit                            - Undefined Weak Reference
    __Vectors_Size                           0x000000ec   Number         0  startup_stm32f10x_md.o ABSOLUTE
    __Vectors                                0x08000000   Data           4  startup_stm32f10x_md.o(RESET)
    __Vectors_End                            0x080000ec   Data           0  startup_stm32f10x_md.o(RESET)
    __main                                   0x080000ed   Thumb Code     0  entry.o(.ARM.Collect$$$$00000000)
    _main_stk                                0x080000ed   Thumb Code     0  entry2.o(.ARM.Collect$$$$00000001)
    _main_scatterload                        0x080000f1   Thumb Code     0  entry5.o(.ARM.Collect$$$$00000004)
    __main_after_scatterload                 0x080000f5   Thumb Code     0  entry5.o(.ARM.Collect$$$$00000004)
    _main_clock                              0x080000f5   Thumb Code     0  entry7b.o(.ARM.Collect$$$$00000008)
    _main_cpp_init                           0x080000f5   Thumb Code     0  entry8b.o(.ARM.Collect$$$$0000000A)
    _main_init                               0x080000f5   Thumb Code     0  entry9a.o(.ARM.Collect$$$$0000000B)
    __rt_final_cpp                           0x080000fd   Thumb Code     0  entry10a.o(.ARM.Collect$$$$0000000D)
    __rt_final_exit                          0x080000fd   Thumb Code     0  entry11a.o(.ARM.Collect$$$$0000000F)
    Reset_Handler                            0x08000101   Thumb Code     8  startup_stm32f10x_md.o(.text)
    ADC1_2_IRQHandler                        0x0800011b   Thumb Code     0  startup_stm32f10x_md.o(.text)
    CAN1_RX1_IRQHandler                      0x0800011b   Thumb Code     0  startup_stm32f10x_md.o(.text)
    CAN1_SCE_IRQHandler                      0x0800011b   Thumb Code     0  startup_stm32f10x_md.o(.text)
    DMA1_Channel1_IRQHandler                 0x0800011b   Thumb Code     0  startup_stm32f10x_md.o(.text)
    DMA1_Channel2_IRQHandler                 0x0800011b   Thumb Code     0  startup_stm32f10x_md.o(.text)
    DMA1_Channel3_IRQHandler                 0x0800011b   Thumb Code     0  startup_stm32f10x_md.o(.text)
    DMA1_Channel4_IRQHandler                 0x0800011b   Thumb Code     0  startup_stm32f10x_md.o(.text)
    DMA1_Channel5_IRQHandler                 0x0800011b   Thumb Code     0  startup_stm32f10x_md.o(.text)
    DMA1_Channel6_IRQHandler                 0x0800011b   Thumb Code     0  startup_stm32f10x_md.o(.text)
    DMA1_Channel7_IRQHandler                 0x0800011b   Thumb Code     0  startup_stm32f10x_md.o(.text)
    EXTI0_IRQHandler                         0x0800011b   Thumb Code     0  startup_stm32f10x_md.o(.text)
    EXTI15_10_IRQHandler                     0x0800011b   Thumb Code     0  startup_stm32f10x_md.o(.text)
    EXTI1_IRQHandler                         0x0800011b   Thumb Code     0  startup_stm32f10x_md.o(.text)
    EXTI2_IRQHandler                         0x0800011b   Thumb Code     0  startup_stm32f10x_md.o(.text)
    EXTI3_IRQHandler                         0x0800011b   Thumb Code     0  startup_stm32f10x_md.o(.text)
    EXTI4_IRQHandler                         0x0800011b   Thumb Code     0  startup_stm32f10x_md.o(.text)
    EXTI9_5_IRQHandler                       0x0800011b   Thumb Code     0  startup_stm32f10x_md.o(.text)
    FLASH_IRQHandler                         0x0800011b   Thumb Code     0  startup_stm32f10x_md.o(.text)
    I2C1_ER_IRQHandler                       0x0800011b   Thumb Code     0  startup_stm32f10x_md.o(.text)
    I2C1_EV_IRQHandler                       0x0800011b   Thumb Code     0  startup_stm32f10x_md.o(.text)
    I2C2_ER_IRQHandler                       0x0800011b   Thumb Code     0  startup_stm32f10x_md.o(.text)
    I2C2_EV_IRQHandler                       0x0800011b   Thumb Code     0  startup_stm32f10x_md.o(.text)
    PVD_IRQHandler                           0x0800011b   Thumb Code     0  startup_stm32f10x_md.o(.text)
    RCC_IRQHandler                           0x0800011b   Thumb Code     0  startup_stm32f10x_md.o(.text)
    RTCAlarm_IRQHandler                      0x0800011b   Thumb Code     0  startup_stm32f10x_md.o(.text)
    RTC_IRQHandler                           0x0800011b   Thumb Code     0  startup_stm32f10x_md.o(.text)
    SPI1_IRQHandler                          0x0800011b   Thumb Code     0  startup_stm32f10x_md.o(.text)
    SPI2_IRQHandler                          0x0800011b   Thumb Code     0  startup_stm32f10x_md.o(.text)
    TAMPER_IRQHandler                        0x0800011b   Thumb Code     0  startup_stm32f10x_md.o(.text)
    TIM1_BRK_IRQHandler                      0x0800011b   Thumb Code     0  startup_stm32f10x_md.o(.text)
    TIM1_CC_IRQHandler                       0x0800011b   Thumb Code     0  startup_stm32f10x_md.o(.text)
    TIM1_TRG_COM_IRQHandler                  0x0800011b   Thumb Code     0  startup_stm32f10x_md.o(.text)
    TIM1_UP_IRQHandler                       0x0800011b   Thumb Code     0  startup_stm32f10x_md.o(.text)
    TIM3_IRQHandler                          0x0800011b   Thumb Code     0  startup_stm32f10x_md.o(.text)
    USBWakeUp_IRQHandler                     0x0800011b   Thumb Code     0  startup_stm32f10x_md.o(.text)
    USB_HP_CAN1_TX_IRQHandler                0x0800011b   Thumb Code     0  startup_stm32f10x_md.o(.text)
    USB_LP_CAN1_RX0_IRQHandler               0x0800011b   Thumb Code     0  startup_stm32f10x_md.o(.text)
    WWDG_IRQHandler                          0x0800011b   Thumb Code     0  startup_stm32f10x_md.o(.text)
    __aeabi_fadd                             0x08000125   Thumb Code   164  fadd.o(.text)
    __aeabi_fsub                             0x080001c9   Thumb Code     6  fadd.o(.text)
    __aeabi_frsub                            0x080001cf   Thumb Code     6  fadd.o(.text)
    __aeabi_fmul                             0x080001d5   Thumb Code   100  fmul.o(.text)
    __aeabi_fdiv                             0x08000239   Thumb Code   124  fdiv.o(.text)
    __aeabi_dmul                             0x080002b5   Thumb Code   228  dmul.o(.text)
    __aeabi_ddiv                             0x08000399   Thumb Code   222  ddiv.o(.text)
    __aeabi_i2f                              0x08000477   Thumb Code    18  fflti.o(.text)
    __aeabi_f2iz                             0x08000489   Thumb Code    50  ffixi.o(.text)
    __aeabi_f2d                              0x080004bb   Thumb Code    38  f2d.o(.text)
    __aeabi_d2f                              0x080004e1   Thumb Code    56  d2f.o(.text)
    __aeabi_cfcmpeq                          0x08000519   Thumb Code     0  cfcmple.o(.text)
    __aeabi_cfcmple                          0x08000519   Thumb Code    20  cfcmple.o(.text)
    __aeabi_cfrcmple                         0x0800052d   Thumb Code    20  cfrcmple.o(.text)
    __aeabi_llsr                             0x08000541   Thumb Code    32  llushr.o(.text)
    _ll_ushift_r                             0x08000541   Thumb Code     0  llushr.o(.text)
    __I$use$fp                               0x08000561   Thumb Code     0  iusefp.o(.text)
    _float_round                             0x08000561   Thumb Code    18  fepilogue.o(.text)
    _float_epilogue                          0x08000573   Thumb Code    92  fepilogue.o(.text)
    _double_round                            0x080005cf   Thumb Code    30  depilogue.o(.text)
    _double_epilogue                         0x080005ed   Thumb Code   156  depilogue.o(.text)
    __aeabi_dadd                             0x08000689   Thumb Code   322  dadd.o(.text)
    __aeabi_dsub                             0x080007cb   Thumb Code     6  dadd.o(.text)
    __aeabi_drsub                            0x080007d1   Thumb Code     6  dadd.o(.text)
    __scatterload                            0x080007d9   Thumb Code    28  init.o(.text)
    __scatterload_rt2                        0x080007d9   Thumb Code     0  init.o(.text)
    __aeabi_llsl                             0x080007fd   Thumb Code    30  llshl.o(.text)
    _ll_shift_l                              0x080007fd   Thumb Code     0  llshl.o(.text)
    __aeabi_lasr                             0x0800081b   Thumb Code    36  llsshr.o(.text)
    _ll_sshift_r                             0x0800081b   Thumb Code     0  llsshr.o(.text)
    __ARM_scalbn                             0x0800083f   Thumb Code    46  dscalb.o(.text)
    scalbn                                   0x0800083f   Thumb Code     0  dscalb.o(.text)
    __decompress                             0x0800086d   Thumb Code     0  __dczerorl2.o(.text)
    __decompress1                            0x0800086d   Thumb Code    86  __dczerorl2.o(.text)
    BusFault_Handler                         0x080008c3   Thumb Code     4  stm32f10x_it.o(i.BusFault_Handler)
    DT_Send03                                0x080008c9   Thumb Code   226  dt.o(i.DT_Send03)
    DebugMon_Handler                         0x080009b1   Thumb Code     2  stm32f10x_it.o(i.DebugMon_Handler)
    Delay_ms                                 0x080009b3   Thumb Code    24  time.o(i.Delay_ms)
    Delay_us                                 0x080009cb   Thumb Code    24  time.o(i.Delay_us)
    GPIO_Init                                0x080009e3   Thumb Code   278  stm32f10x_gpio.o(i.GPIO_Init)
    GetSysTime_us                            0x08000af9   Thumb Code    58  time.o(i.GetSysTime_us)
    Get_Angle                                0x08000b39   Thumb Code   718  filter.o(i.Get_Angle)
    HardFault_Handler                        0x08000e25   Thumb Code     4  stm32f10x_it.o(i.HardFault_Handler)
    Kalman_Filter_X                          0x08000e29   Thumb Code   570  filter.o(i.Kalman_Filter_X)
    Kalman_Filter_Y                          0x080010ad   Thumb Code   570  filter.o(i.Kalman_Filter_Y)
    MPU6050_INT_Disabled                     0x08001347   Thumb Code    18  mpu6050.o(i.MPU6050_INT_Disabled)
    MPU6050_initialize                       0x08001359   Thumb Code    78  mpu6050.o(i.MPU6050_initialize)
    MPU6050_resetEnabled                     0x080013a7   Thumb Code    24  mpu6050.o(i.MPU6050_resetEnabled)
    MPU6050_setClockSource                   0x080013bf   Thumb Code    20  mpu6050.o(i.MPU6050_setClockSource)
    MPU6050_setFullScaleAccelRange           0x080013d3   Thumb Code    20  mpu6050.o(i.MPU6050_setFullScaleAccelRange)
    MPU6050_setFullScaleGyroRange            0x080013e7   Thumb Code    20  mpu6050.o(i.MPU6050_setFullScaleGyroRange)
    MPU6050_setI2CBypassEnabled              0x080013fb   Thumb Code    18  mpu6050.o(i.MPU6050_setI2CBypassEnabled)
    MPU6050_setI2CMasterModeEnabled          0x0800140d   Thumb Code    18  mpu6050.o(i.MPU6050_setI2CMasterModeEnabled)
    MPU6050_setSleepEnabled                  0x0800141f   Thumb Code    18  mpu6050.o(i.MPU6050_setSleepEnabled)
    MPU6050_set_Gyro_Accel_outRange          0x08001431   Thumb Code    20  mpu6050.o(i.MPU6050_set_Gyro_Accel_outRange)
    MPU6050_set_Gyro_DLPF_outRange           0x08001445   Thumb Code    20  mpu6050.o(i.MPU6050_set_Gyro_DLPF_outRange)
    MPU6050_set_SMPRT_DIV                    0x08001459   Thumb Code    16  mpu6050.o(i.MPU6050_set_SMPRT_DIV)
    MPU6050_testConnection                   0x08001469   Thumb Code    26  mpu6050.o(i.MPU6050_testConnection)
    MPU_I2C_ReadOneByte                      0x08001489   Thumb Code    76  mpuiic.o(i.MPU_I2C_ReadOneByte)
    MPU_IIC_Ack                              0x080014d5   Thumb Code    64  mpuiic.o(i.MPU_IIC_Ack)
    MPU_IIC_Init                             0x08001521   Thumb Code    36  mpuiic.o(i.MPU_IIC_Init)
    MPU_IIC_NAck                             0x0800154d   Thumb Code    62  mpuiic.o(i.MPU_IIC_NAck)
    MPU_IIC_Read_Byte                        0x08001599   Thumb Code    98  mpuiic.o(i.MPU_IIC_Read_Byte)
    MPU_IIC_Send_Byte                        0x08001609   Thumb Code    88  mpuiic.o(i.MPU_IIC_Send_Byte)
    MPU_IIC_Start                            0x0800166d   Thumb Code    92  mpuiic.o(i.MPU_IIC_Start)
    MPU_IIC_Stop                             0x080016d5   Thumb Code    60  mpuiic.o(i.MPU_IIC_Stop)
    MPU_IIC_Wait_Ack                         0x0800171d   Thumb Code    92  mpuiic.o(i.MPU_IIC_Wait_Ack)
    MPU_IICreadByte                          0x08001785   Thumb Code    22  mpuiic.o(i.MPU_IICreadByte)
    MPU_IICreadBytes                         0x0800179b   Thumb Code   106  mpuiic.o(i.MPU_IICreadBytes)
    MPU_IICwriteBit                          0x08001805   Thumb Code    64  mpuiic.o(i.MPU_IICwriteBit)
    MPU_IICwriteBits                         0x08001845   Thumb Code   106  mpuiic.o(i.MPU_IICwriteBits)
    MPU_IICwriteByte                         0x080018af   Thumb Code    20  mpuiic.o(i.MPU_IICwriteByte)
    MPU_IICwriteBytes                        0x080018c3   Thumb Code    74  mpuiic.o(i.MPU_IICwriteBytes)
    MemManage_Handler                        0x0800190d   Thumb Code     4  stm32f10x_it.o(i.MemManage_Handler)
    NMI_Handler                              0x08001911   Thumb Code     2  stm32f10x_it.o(i.NMI_Handler)
    NVIC_Init                                0x08001915   Thumb Code   100  misc.o(i.NVIC_Init)
    NVIC_PriorityGroupConfig                 0x08001985   Thumb Code    10  misc.o(i.NVIC_PriorityGroupConfig)
    OpenMV_Byte_Get                          0x08001999   Thumb Code   256  openmv.o(i.OpenMV_Byte_Get)
    PendSV_Handler                           0x08001b8d   Thumb Code     2  stm32f10x_it.o(i.PendSV_Handler)
    RCC_APB1PeriphClockCmd                   0x08001b91   Thumb Code    26  stm32f10x_rcc.o(i.RCC_APB1PeriphClockCmd)
    RCC_APB1PeriphResetCmd                   0x08001bb1   Thumb Code    26  stm32f10x_rcc.o(i.RCC_APB1PeriphResetCmd)
    RCC_APB2PeriphClockCmd                   0x08001bd1   Thumb Code    26  stm32f10x_rcc.o(i.RCC_APB2PeriphClockCmd)
    RCC_APB2PeriphResetCmd                   0x08001bf1   Thumb Code    26  stm32f10x_rcc.o(i.RCC_APB2PeriphResetCmd)
    RCC_GetClocksFreq                        0x08001c11   Thumb Code   192  stm32f10x_rcc.o(i.RCC_GetClocksFreq)
    SVC_Handler                              0x08001ce5   Thumb Code     2  stm32f10x_it.o(i.SVC_Handler)
    Scheduler_Run                            0x08001ce9   Thumb Code    76  scheduler.o(i.Scheduler_Run)
    Scheduler_Setup                          0x08001d39   Thumb Code    76  scheduler.o(i.Scheduler_Setup)
    SysTick_CLKSourceConfig                  0x08001e71   Thumb Code    40  misc.o(i.SysTick_CLKSourceConfig)
    SysTick_Configuration                    0x08001e99   Thumb Code    96  time.o(i.SysTick_Configuration)
    SysTick_GetTick                          0x08001f05   Thumb Code     6  time.o(i.SysTick_GetTick)
    SysTick_Handler                          0x08001f11   Thumb Code    18  time.o(i.SysTick_Handler)
    SystemInit                               0x08001f29   Thumb Code    78  system_stm32f10x.o(i.SystemInit)
    TIM2_IRQHandler                          0x08001f89   Thumb Code    24  encoder.o(i.TIM2_IRQHandler)
    TIM4_IRQHandler                          0x08001fa1   Thumb Code    20  control.o(i.TIM4_IRQHandler)
    TIM_CONF                                 0x08001fb9   Thumb Code    84  time.o(i.TIM_CONF)
    TIM_ClearFlag                            0x08002011   Thumb Code     6  stm32f10x_tim.o(i.TIM_ClearFlag)
    TIM_ClearITPendingBit                    0x08002017   Thumb Code     6  stm32f10x_tim.o(i.TIM_ClearITPendingBit)
    TIM_Cmd                                  0x0800201d   Thumb Code    24  stm32f10x_tim.o(i.TIM_Cmd)
    TIM_DeInit                               0x08002035   Thumb Code   424  stm32f10x_tim.o(i.TIM_DeInit)
    TIM_GetITStatus                          0x0800221d   Thumb Code    34  stm32f10x_tim.o(i.TIM_GetITStatus)
    TIM_INIT                                 0x0800223f   Thumb Code    20  time.o(i.TIM_INIT)
    TIM_ITConfig                             0x08002253   Thumb Code    18  stm32f10x_tim.o(i.TIM_ITConfig)
    TIM_NVIC                                 0x08002265   Thumb Code    34  time.o(i.TIM_NVIC)
    TIM_TimeBaseInit                         0x08002289   Thumb Code   122  stm32f10x_tim.o(i.TIM_TimeBaseInit)
    USART1_IRQHandler                        0x0800232d   Thumb Code   114  usart.o(i.USART1_IRQHandler)
    USART2_IRQHandler                        0x080023b5   Thumb Code    50  uart2.o(i.USART2_IRQHandler)
    USART3_IRQHandler                        0x080023f5   Thumb Code   130  usart3.o(i.USART3_IRQHandler)
    USART_ClearITPendingBit                  0x08002489   Thumb Code    30  stm32f10x_usart.o(i.USART_ClearITPendingBit)
    USART_Cmd                                0x080024a7   Thumb Code    24  stm32f10x_usart.o(i.USART_Cmd)
    USART_GetITStatus                        0x080024bf   Thumb Code    84  stm32f10x_usart.o(i.USART_GetITStatus)
    USART_ITConfig                           0x08002513   Thumb Code    74  stm32f10x_usart.o(i.USART_ITConfig)
    USART_Init                               0x0800255d   Thumb Code   210  stm32f10x_usart.o(i.USART_Init)
    USART_ReceiveData                        0x08002635   Thumb Code    10  stm32f10x_usart.o(i.USART_ReceiveData)
    Uart1_Put_Buf                            0x08002641   Thumb Code    62  usart.o(i.Uart1_Put_Buf)
    UsageFault_Handler                       0x0800268d   Thumb Code     4  stm32f10x_it.o(i.UsageFault_Handler)
    __ARM_fpclassify                         0x08002691   Thumb Code    40  fpclassify.o(i.__ARM_fpclassify)
    __kernel_poly                            0x080026b9   Thumb Code   170  poly.o(i.__kernel_poly)
    __mathlib_dbl_infnan                     0x08002763   Thumb Code     6  dunder.o(i.__mathlib_dbl_infnan)
    __mathlib_dbl_infnan2                    0x08002769   Thumb Code     4  dunder.o(i.__mathlib_dbl_infnan2)
    __mathlib_dbl_underflow                  0x0800276d   Thumb Code    10  dunder.o(i.__mathlib_dbl_underflow)
    __scatterload_copy                       0x0800277d   Thumb Code    14  handlers.o(i.__scatterload_copy)
    __scatterload_null                       0x0800278b   Thumb Code     2  handlers.o(i.__scatterload_null)
    __scatterload_zeroinit                   0x0800278d   Thumb Code    14  handlers.o(i.__scatterload_zeroinit)
    atan                                     0x0800279d   Thumb Code   474  atan.o(i.atan)
    atan2                                    0x080029bd   Thumb Code   346  atan2.o(i.atan2)
    init_config                              0x08002b3d   Thumb Code    34  config.o(i.init_config)
    main                                     0x08002b65   Thumb Code    12  main_1.o(i.main)
    sys_time                                 0x08002b71   Thumb Code    12  time.o(i.sys_time)
    uart_init                                0x08002b81   Thumb Code   152  usart.o(i.uart_init)
    __mathlib_zero                           0x08002cb8   Data           8  qnan.o(.constdata)
    Region$$Table$$Base                      0x08002cc0   Number         0  anon$$obj.o(Region$$Table)
    Region$$Table$$Limit                     0x08002ce0   Number         0  anon$$obj.o(Region$$Table)
    SystemCoreClock                          0x20000000   Data           4  system_stm32f10x.o(.data)
    AHBPrescTable                            0x20000004   Data          16  system_stm32f10x.o(.data)
    Dog_ROL                                  0x20000028   Data           2  filter.o(.data)
    Dog_PIT                                  0x2000002a   Data           2  filter.o(.data)
    K1_X                                     0x2000002c   Data           4  filter.o(.data)
    angle_X                                  0x20000030   Data           4  filter.o(.data)
    angle_dot_X                              0x20000034   Data           4  filter.o(.data)
    Q_angle_X                                0x20000038   Data           4  filter.o(.data)
    Q_gyro_X                                 0x2000003c   Data           4  filter.o(.data)
    R_angle_X                                0x20000040   Data           4  filter.o(.data)
    dt_X                                     0x20000044   Data           4  filter.o(.data)
    C_0_X                                    0x20000048   Data           1  filter.o(.data)
    Q_bias_X                                 0x2000004c   Data           4  filter.o(.data)
    Angle_err_X                              0x20000050   Data           4  filter.o(.data)
    PCt_0_X                                  0x20000054   Data           4  filter.o(.data)
    PCt_1_X                                  0x20000058   Data           4  filter.o(.data)
    E_X                                      0x2000005c   Data           4  filter.o(.data)
    K_0_X                                    0x20000060   Data           4  filter.o(.data)
    K_1_X                                    0x20000064   Data           4  filter.o(.data)
    t_0_X                                    0x20000068   Data           4  filter.o(.data)
    t_1_X                                    0x2000006c   Data           4  filter.o(.data)
    PP_X                                     0x20000070   Data          16  filter.o(.data)
    K1_Y                                     0x20000080   Data           4  filter.o(.data)
    angle_Y                                  0x20000084   Data           4  filter.o(.data)
    angle_dot_Y                              0x20000088   Data           4  filter.o(.data)
    Q_angle_Y                                0x2000008c   Data           4  filter.o(.data)
    Q_gyro_Y                                 0x20000090   Data           4  filter.o(.data)
    R_angle_Y                                0x20000094   Data           4  filter.o(.data)
    dt_Y                                     0x20000098   Data           4  filter.o(.data)
    C_0_Y                                    0x2000009c   Data           1  filter.o(.data)
    Q_bias_Y                                 0x200000a0   Data           4  filter.o(.data)
    Angle_err_Y                              0x200000a4   Data           4  filter.o(.data)
    PCt_0_Y                                  0x200000a8   Data           4  filter.o(.data)
    PCt_1_Y                                  0x200000ac   Data           4  filter.o(.data)
    E_Y                                      0x200000b0   Data           4  filter.o(.data)
    K_0_Y                                    0x200000b4   Data           4  filter.o(.data)
    K_1_Y                                    0x200000b8   Data           4  filter.o(.data)
    t_0_Y                                    0x200000bc   Data           4  filter.o(.data)
    t_1_Y                                    0x200000c0   Data           4  filter.o(.data)
    PP_Y                                     0x200000c4   Data          16  filter.o(.data)
    K1_Z                                     0x200000d4   Data           4  filter.o(.data)
    angle_Z                                  0x200000d8   Data           4  filter.o(.data)
    angle_dot_Z                              0x200000dc   Data           4  filter.o(.data)
    Q_angle_Z                                0x200000e0   Data           4  filter.o(.data)
    Q_gyro_Z                                 0x200000e4   Data           4  filter.o(.data)
    R_angle_Z                                0x200000e8   Data           4  filter.o(.data)
    dt_Z                                     0x200000ec   Data           4  filter.o(.data)
    C_0_Z                                    0x200000f0   Data           1  filter.o(.data)
    Q_bias_Z                                 0x200000f4   Data           4  filter.o(.data)
    Angle_err_Z                              0x200000f8   Data           4  filter.o(.data)
    PCt_0_Z                                  0x200000fc   Data           4  filter.o(.data)
    PCt_1_Z                                  0x20000100   Data           4  filter.o(.data)
    E_Z                                      0x20000104   Data           4  filter.o(.data)
    K_0_Z                                    0x20000108   Data           4  filter.o(.data)
    K_1_Z                                    0x2000010c   Data           4  filter.o(.data)
    t_0_Z                                    0x20000110   Data           4  filter.o(.data)
    t_1_Z                                    0x20000114   Data           4  filter.o(.data)
    PP_Z                                     0x20000118   Data          16  filter.o(.data)
    offline_check_time                       0x20000128   Data           2  openmv.o(.data)
    sum_angle                                0x2000012a   Data           2  openmv.o(.data)
    sum_deviation                            0x2000012c   Data           2  openmv.o(.data)
    opmv_t                                   0x2000012e   Data           2  openmv.o(.data)
    sysTickUptime                            0x20000134   Data           4  time.o(.data)
    systime_ms                               0x20000138   Data           4  time.o(.data)
    USART1_com_data                          0x2000013c   Data           1  usart.o(.data)
    head                                     0x20000140   Data           4  uart2.o(.data)
    tail                                     0x20000144   Data           4  uart2.o(.data)
    DataToSend                               0x200001ac   Data         100  dt.o(.bss)
    Pdot_X                                   0x20000210   Data          16  filter.o(.bss)
    Pdot_Y                                   0x20000220   Data          16  filter.o(.bss)
    Pdot_Z                                   0x20000230   Data          16  filter.o(.bss)
    buffer                                   0x20000240   Data          14  mpu6050.o(.bss)
    openmv_buf                               0x2000024e   Data          20  openmv.o(.bss)
    opmv                                     0x20000262   Data          26  openmv.o(.bss)
    uartBuf                                  0x2000037c   Data         128  uart2.o(.bss)
    __initial_sp                             0x20000900   Data           0  startup_stm32f10x_md.o(STACK)



==============================================================================

Memory Map of the image

  Image Entry point : 0x080000ed

  Load Region LR_IROM1 (Base: 0x08000000, Size: 0x00002e8c, Max: 0x00010000, ABSOLUTE, COMPRESSED[0x00002d44])

    Execution Region ER_IROM1 (Base: 0x08000000, Size: 0x00002ce0, Max: 0x00010000, ABSOLUTE)

    Base Addr    Size         Type   Attr      Idx    E Section Name        Object

    0x08000000   0x000000ec   Data   RO          193    RESET               startup_stm32f10x_md.o
    0x080000ec   0x00000000   Code   RO         4685  * .ARM.Collect$$$$00000000  mc_w.l(entry.o)
    0x080000ec   0x00000004   Code   RO         4741    .ARM.Collect$$$$00000001  mc_w.l(entry2.o)
    0x080000f0   0x00000004   Code   RO         4744    .ARM.Collect$$$$00000004  mc_w.l(entry5.o)
    0x080000f4   0x00000000   Code   RO         4746    .ARM.Collect$$$$00000008  mc_w.l(entry7b.o)
    0x080000f4   0x00000000   Code   RO         4748    .ARM.Collect$$$$0000000A  mc_w.l(entry8b.o)
    0x080000f4   0x00000008   Code   RO         4749    .ARM.Collect$$$$0000000B  mc_w.l(entry9a.o)
    0x080000fc   0x00000000   Code   RO         4751    .ARM.Collect$$$$0000000D  mc_w.l(entry10a.o)
    0x080000fc   0x00000000   Code   RO         4753    .ARM.Collect$$$$0000000F  mc_w.l(entry11a.o)
    0x080000fc   0x00000004   Code   RO         4742    .ARM.Collect$$$$00002712  mc_w.l(entry2.o)
    0x08000100   0x00000024   Code   RO          194    .text               startup_stm32f10x_md.o
    0x08000124   0x000000b0   Code   RO         4688    .text               mf_w.l(fadd.o)
    0x080001d4   0x00000064   Code   RO         4690    .text               mf_w.l(fmul.o)
    0x08000238   0x0000007c   Code   RO         4692    .text               mf_w.l(fdiv.o)
    0x080002b4   0x000000e4   Code   RO         4694    .text               mf_w.l(dmul.o)
    0x08000398   0x000000de   Code   RO         4696    .text               mf_w.l(ddiv.o)
    0x08000476   0x00000012   Code   RO         4698    .text               mf_w.l(fflti.o)
    0x08000488   0x00000032   Code   RO         4704    .text               mf_w.l(ffixi.o)
    0x080004ba   0x00000026   Code   RO         4708    .text               mf_w.l(f2d.o)
    0x080004e0   0x00000038   Code   RO         4710    .text               mf_w.l(d2f.o)
    0x08000518   0x00000014   Code   RO         4712    .text               mf_w.l(cfcmple.o)
    0x0800052c   0x00000014   Code   RO         4714    .text               mf_w.l(cfrcmple.o)
    0x08000540   0x00000020   Code   RO         4755    .text               mc_w.l(llushr.o)
    0x08000560   0x00000000   Code   RO         4764    .text               mc_w.l(iusefp.o)
    0x08000560   0x0000006e   Code   RO         4765    .text               mf_w.l(fepilogue.o)
    0x080005ce   0x000000ba   Code   RO         4767    .text               mf_w.l(depilogue.o)
    0x08000688   0x0000014e   Code   RO         4769    .text               mf_w.l(dadd.o)
    0x080007d6   0x00000002   PAD
    0x080007d8   0x00000024   Code   RO         4775    .text               mc_w.l(init.o)
    0x080007fc   0x0000001e   Code   RO         4777    .text               mc_w.l(llshl.o)
    0x0800081a   0x00000024   Code   RO         4779    .text               mc_w.l(llsshr.o)
    0x0800083e   0x0000002e   Code   RO         4781    .text               mf_w.l(dscalb.o)
    0x0800086c   0x00000056   Code   RO         4791    .text               mc_w.l(__dczerorl2.o)
    0x080008c2   0x00000004   Code   RO          119    i.BusFault_Handler  stm32f10x_it.o
    0x080008c6   0x00000002   PAD
    0x080008c8   0x000000e8   Code   RO         3192    i.DT_Send03         dt.o
    0x080009b0   0x00000002   Code   RO          120    i.DebugMon_Handler  stm32f10x_it.o
    0x080009b2   0x00000018   Code   RO         3825    i.Delay_ms          time.o
    0x080009ca   0x00000018   Code   RO         3826    i.Delay_us          time.o
    0x080009e2   0x00000116   Code   RO          204    i.GPIO_Init         stm32f10x_gpio.o
    0x08000af8   0x00000040   Code   RO         3827    i.GetSysTime_us     time.o
    0x08000b38   0x000002ec   Code   RO         3322    i.Get_Angle         filter.o
    0x08000e24   0x00000004   Code   RO          121    i.HardFault_Handler  stm32f10x_it.o
    0x08000e28   0x00000284   Code   RO         3323    i.Kalman_Filter_X   filter.o
    0x080010ac   0x00000284   Code   RO         3324    i.Kalman_Filter_Y   filter.o
    0x08001330   0x00000002   Code   RO         4591    i.Loop_1000Hz       scheduler.o
    0x08001332   0x00000002   Code   RO         4592    i.Loop_100Hz        scheduler.o
    0x08001334   0x00000002   Code   RO         4593    i.Loop_10Hz         scheduler.o
    0x08001336   0x00000008   Code   RO         4594    i.Loop_200Hz        scheduler.o
    0x0800133e   0x00000002   Code   RO         4595    i.Loop_20Hz         scheduler.o
    0x08001340   0x00000002   Code   RO         4596    i.Loop_2Hz          scheduler.o
    0x08001342   0x00000002   Code   RO         4597    i.Loop_500Hz        scheduler.o
    0x08001344   0x00000002   Code   RO         4598    i.Loop_50Hz         scheduler.o
    0x08001346   0x00000012   Code   RO         3410    i.MPU6050_INT_Disabled  mpu6050.o
    0x08001358   0x0000004e   Code   RO         3411    i.MPU6050_initialize  mpu6050.o
    0x080013a6   0x00000018   Code   RO         3412    i.MPU6050_resetEnabled  mpu6050.o
    0x080013be   0x00000014   Code   RO         3413    i.MPU6050_setClockSource  mpu6050.o
    0x080013d2   0x00000014   Code   RO         3414    i.MPU6050_setFullScaleAccelRange  mpu6050.o
    0x080013e6   0x00000014   Code   RO         3415    i.MPU6050_setFullScaleGyroRange  mpu6050.o
    0x080013fa   0x00000012   Code   RO         3416    i.MPU6050_setI2CBypassEnabled  mpu6050.o
    0x0800140c   0x00000012   Code   RO         3417    i.MPU6050_setI2CMasterModeEnabled  mpu6050.o
    0x0800141e   0x00000012   Code   RO         3418    i.MPU6050_setSleepEnabled  mpu6050.o
    0x08001430   0x00000014   Code   RO         3419    i.MPU6050_set_Gyro_Accel_outRange  mpu6050.o
    0x08001444   0x00000014   Code   RO         3420    i.MPU6050_set_Gyro_DLPF_outRange  mpu6050.o
    0x08001458   0x00000010   Code   RO         3421    i.MPU6050_set_SMPRT_DIV  mpu6050.o
    0x08001468   0x00000020   Code   RO         3422    i.MPU6050_testConnection  mpu6050.o
    0x08001488   0x0000004c   Code   RO         3500    i.MPU_I2C_ReadOneByte  mpuiic.o
    0x080014d4   0x0000004c   Code   RO         3501    i.MPU_IIC_Ack       mpuiic.o
    0x08001520   0x0000002c   Code   RO         3502    i.MPU_IIC_Init      mpuiic.o
    0x0800154c   0x0000004c   Code   RO         3503    i.MPU_IIC_NAck      mpuiic.o
    0x08001598   0x00000070   Code   RO         3504    i.MPU_IIC_Read_Byte  mpuiic.o
    0x08001608   0x00000064   Code   RO         3505    i.MPU_IIC_Send_Byte  mpuiic.o
    0x0800166c   0x00000068   Code   RO         3506    i.MPU_IIC_Start     mpuiic.o
    0x080016d4   0x00000048   Code   RO         3507    i.MPU_IIC_Stop      mpuiic.o
    0x0800171c   0x00000068   Code   RO         3508    i.MPU_IIC_Wait_Ack  mpuiic.o
    0x08001784   0x00000016   Code   RO         3509    i.MPU_IICreadByte   mpuiic.o
    0x0800179a   0x0000006a   Code   RO         3510    i.MPU_IICreadBytes  mpuiic.o
    0x08001804   0x00000040   Code   RO         3511    i.MPU_IICwriteBit   mpuiic.o
    0x08001844   0x0000006a   Code   RO         3512    i.MPU_IICwriteBits  mpuiic.o
    0x080018ae   0x00000014   Code   RO         3513    i.MPU_IICwriteByte  mpuiic.o
    0x080018c2   0x0000004a   Code   RO         3514    i.MPU_IICwriteBytes  mpuiic.o
    0x0800190c   0x00000004   Code   RO          122    i.MemManage_Handler  stm32f10x_it.o
    0x08001910   0x00000002   Code   RO          123    i.NMI_Handler       stm32f10x_it.o
    0x08001912   0x00000002   PAD
    0x08001914   0x00000070   Code   RO          338    i.NVIC_Init         misc.o
    0x08001984   0x00000014   Code   RO          339    i.NVIC_PriorityGroupConfig  misc.o
    0x08001998   0x0000010c   Code   RO         3720    i.OpenMV_Byte_Get   openmv.o
    0x08001aa4   0x00000014   Code   RO         3721    i.OpenMV_Check_Reset  openmv.o
    0x08001ab8   0x000000d4   Code   RO         3722    i.OpenMV_Data_Analysis  openmv.o
    0x08001b8c   0x00000002   Code   RO          124    i.PendSV_Handler    stm32f10x_it.o
    0x08001b8e   0x00000002   PAD
    0x08001b90   0x00000020   Code   RO         1791    i.RCC_APB1PeriphClockCmd  stm32f10x_rcc.o
    0x08001bb0   0x00000020   Code   RO         1792    i.RCC_APB1PeriphResetCmd  stm32f10x_rcc.o
    0x08001bd0   0x00000020   Code   RO         1793    i.RCC_APB2PeriphClockCmd  stm32f10x_rcc.o
    0x08001bf0   0x00000020   Code   RO         1794    i.RCC_APB2PeriphResetCmd  stm32f10x_rcc.o
    0x08001c10   0x000000d4   Code   RO         1801    i.RCC_GetClocksFreq  stm32f10x_rcc.o
    0x08001ce4   0x00000002   Code   RO          125    i.SVC_Handler       stm32f10x_it.o
    0x08001ce6   0x00000002   PAD
    0x08001ce8   0x00000050   Code   RO         4599    i.Scheduler_Run     scheduler.o
    0x08001d38   0x00000050   Code   RO         4600    i.Scheduler_Setup   scheduler.o
    0x08001d88   0x00000008   Code   RO            1    i.SetSysClock       system_stm32f10x.o
    0x08001d90   0x000000e0   Code   RO            2    i.SetSysClockTo72   system_stm32f10x.o
    0x08001e70   0x00000028   Code   RO          342    i.SysTick_CLKSourceConfig  misc.o
    0x08001e98   0x0000006c   Code   RO         3829    i.SysTick_Configuration  time.o
    0x08001f04   0x0000000c   Code   RO         3830    i.SysTick_GetTick   time.o
    0x08001f10   0x00000018   Code   RO         3831    i.SysTick_Handler   time.o
    0x08001f28   0x00000060   Code   RO            4    i.SystemInit        system_stm32f10x.o
    0x08001f88   0x00000018   Code   RO         4403    i.TIM2_IRQHandler   encoder.o
    0x08001fa0   0x00000018   Code   RO         4530    i.TIM4_IRQHandler   control.o
    0x08001fb8   0x00000058   Code   RO         3832    i.TIM_CONF          time.o
    0x08002010   0x00000006   Code   RO         2419    i.TIM_ClearFlag     stm32f10x_tim.o
    0x08002016   0x00000006   Code   RO         2420    i.TIM_ClearITPendingBit  stm32f10x_tim.o
    0x0800201c   0x00000018   Code   RO         2425    i.TIM_Cmd           stm32f10x_tim.o
    0x08002034   0x000001e8   Code   RO         2430    i.TIM_DeInit        stm32f10x_tim.o
    0x0800221c   0x00000022   Code   RO         2446    i.TIM_GetITStatus   stm32f10x_tim.o
    0x0800223e   0x00000014   Code   RO         3833    i.TIM_INIT          time.o
    0x08002252   0x00000012   Code   RO         2450    i.TIM_ITConfig      stm32f10x_tim.o
    0x08002264   0x00000022   Code   RO         3834    i.TIM_NVIC          time.o
    0x08002286   0x00000002   PAD
    0x08002288   0x000000a4   Code   RO         2496    i.TIM_TimeBaseInit  stm32f10x_tim.o
    0x0800232c   0x00000088   Code   RO         3907    i.USART1_IRQHandler  usart.o
    0x080023b4   0x00000040   Code   RO         3958    i.USART2_IRQHandler  uart2.o
    0x080023f4   0x00000094   Code   RO         4001    i.USART3_IRQHandler  usart3.o
    0x08002488   0x0000001e   Code   RO         2958    i.USART_ClearITPendingBit  stm32f10x_usart.o
    0x080024a6   0x00000018   Code   RO         2961    i.USART_Cmd         stm32f10x_usart.o
    0x080024be   0x00000054   Code   RO         2965    i.USART_GetITStatus  stm32f10x_usart.o
    0x08002512   0x0000004a   Code   RO         2967    i.USART_ITConfig    stm32f10x_usart.o
    0x0800255c   0x000000d8   Code   RO         2968    i.USART_Init        stm32f10x_usart.o
    0x08002634   0x0000000a   Code   RO         2975    i.USART_ReceiveData  stm32f10x_usart.o
    0x0800263e   0x00000002   PAD
    0x08002640   0x0000004c   Code   RO         3908    i.Uart1_Put_Buf     usart.o
    0x0800268c   0x00000004   Code   RO          126    i.UsageFault_Handler  stm32f10x_it.o
    0x08002690   0x00000028   Code   RO         4771    i.__ARM_fpclassify  m_ws.l(fpclassify.o)
    0x080026b8   0x000000aa   Code   RO         4773    i.__kernel_poly     m_ws.l(poly.o)
    0x08002762   0x00000006   Code   RO         4727    i.__mathlib_dbl_infnan  m_ws.l(dunder.o)
    0x08002768   0x00000004   Code   RO         4728    i.__mathlib_dbl_infnan2  m_ws.l(dunder.o)
    0x0800276c   0x00000010   Code   RO         4732    i.__mathlib_dbl_underflow  m_ws.l(dunder.o)
    0x0800277c   0x0000000e   Code   RO         4785    i.__scatterload_copy  mc_w.l(handlers.o)
    0x0800278a   0x00000002   Code   RO         4786    i.__scatterload_null  mc_w.l(handlers.o)
    0x0800278c   0x0000000e   Code   RO         4787    i.__scatterload_zeroinit  mc_w.l(handlers.o)
    0x0800279a   0x00000002   PAD
    0x0800279c   0x00000220   Code   RO         4717    i.atan              m_ws.l(atan.o)
    0x080029bc   0x00000180   Code   RO         4678    i.atan2             m_ws.l(atan2.o)
    0x08002b3c   0x00000028   Code   RO         4501    i.init_config       config.o
    0x08002b64   0x0000000c   Code   RO         4665    i.main              main_1.o
    0x08002b70   0x00000010   Code   RO         3835    i.sys_time          time.o
    0x08002b80   0x000000a0   Code   RO         3911    i.uart_init         usart.o
    0x08002c20   0x00000098   Data   RO         4718    .constdata          m_ws.l(atan.o)
    0x08002cb8   0x00000008   Data   RO         4740    .constdata          m_ws.l(qnan.o)
    0x08002cc0   0x00000020   Data   RO         4783    Region$$Table       anon$$obj.o


    Execution Region RW_IRAM1 (Base: 0x20000000, Size: 0x00000900, Max: 0x00005000, ABSOLUTE, COMPRESSED[0x00000064])

    Base Addr    Size         Type   Attr      Idx    E Section Name        Object

    0x20000000   0x00000014   Data   RW            5    .data               system_stm32f10x.o
    0x20000014   0x00000014   Data   RW         1821    .data               stm32f10x_rcc.o
    0x20000028   0x00000100   Data   RW         3327    .data               filter.o
    0x20000128   0x0000000a   Data   RW         3725    .data               openmv.o
    0x20000132   0x00000002   PAD
    0x20000134   0x00000008   Data   RW         3836    .data               time.o
    0x2000013c   0x00000003   Data   RW         3913    .data               usart.o
    0x2000013f   0x00000001   PAD
    0x20000140   0x00000008   Data   RW         3964    .data               uart2.o
    0x20000148   0x00000002   Data   RW         4008    .data               usart3.o
    0x2000014a   0x00000002   PAD
    0x2000014c   0x00000060   Data   RW         4602    .data               scheduler.o
    0x200001ac   0x00000064   Zero   RW         3194    .bss                dt.o
    0x20000210   0x00000030   Zero   RW         3326    .bss                filter.o
    0x20000240   0x0000000e   Zero   RW         3423    .bss                mpu6050.o
    0x2000024e   0x0000002e   Zero   RW         3724    .bss                openmv.o
    0x2000027c   0x00000100   Zero   RW         3912    .bss                usart.o
    0x2000037c   0x00000080   Zero   RW         3963    .bss                uart2.o
    0x200003fc   0x00000100   Zero   RW         4007    .bss                usart3.o
    0x200004fc   0x00000004   PAD
    0x20000500   0x00000400   Zero   RW          191    STACK               startup_stm32f10x_md.o


==============================================================================

Image component sizes


      Code (inc. data)   RO Data    RW Data    ZI Data      Debug   Object Name

        40          6          0          0          0        482   config.o
        24          4          0          0          0        474   control.o
         0          0          0          0          0         32   core_cm3.o
       232          6          0          0        100       1257   dt.o
        24          0          0          0          0        442   encoder.o
      2036        178          0        256         48       4672   filter.o
        12          0          0          0          0        455   main_1.o
       172         22          0          0          0       2149   misc.o
       322          6          0          0         14       7480   mpu6050.o
      1156         96          0          0          0       9637   mpuiic.o
         0          0          0          0          0        416   my_math.o
       500         38          0         10         46       3266   openmv.o
       182          8          0         96          0       5047   scheduler.o
        36          8        236          0       1024        812   startup_stm32f10x_md.o
       278          0          0          0          0     205464   stm32f10x_gpio.o
        24          0          0          0          0       3628   stm32f10x_it.o
       340         44          0         20          0       5736   stm32f10x_rcc.o
       740        106          0          0          0       5071   stm32f10x_tim.o
       438          6          0          0          0       5796   stm32f10x_usart.o
       328         28          0         20          0      50477   system_stm32f10x.o
       414         38          0          8          0      21220   time.o
        64         14          0          8        128       1084   uart2.o
       372         44          0          3        256       2510   usart.o
       148         18          0          2        256       1136   usart3.o

    ----------------------------------------------------------------------
      7894        670        268        428       1876     338743   Object Totals
         0          0         32          0          0          0   (incl. Generated)
        12          0          0          5          4          0   (incl. Padding)

    ----------------------------------------------------------------------

      Code (inc. data)   RO Data    RW Data    ZI Data      Debug   Library Member Name

       544         70        152          0          0        124   atan.o
       384         38          0          0          0        144   atan2.o
        26          6          0          0          0        204   dunder.o
        40          0          0          0          0         68   fpclassify.o
       170          0          0          0          0         96   poly.o
         0          0          8          0          0          0   qnan.o
        86          0          0          0          0          0   __dczerorl2.o
         0          0          0          0          0          0   entry.o
         0          0          0          0          0          0   entry10a.o
         0          0          0          0          0          0   entry11a.o
         8          4          0          0          0          0   entry2.o
         4          0          0          0          0          0   entry5.o
         0          0          0          0          0          0   entry7b.o
         0          0          0          0          0          0   entry8b.o
         8          4          0          0          0          0   entry9a.o
        30          0          0          0          0          0   handlers.o
        36          8          0          0          0         68   init.o
         0          0          0          0          0          0   iusefp.o
        30          0          0          0          0         68   llshl.o
        36          0          0          0          0         68   llsshr.o
        32          0          0          0          0         68   llushr.o
        20          0          0          0          0         68   cfcmple.o
        20          0          0          0          0         68   cfrcmple.o
        56          0          0          0          0         88   d2f.o
       334          0          0          0          0        148   dadd.o
       222          0          0          0          0        100   ddiv.o
       186          0          0          0          0        176   depilogue.o
       228          0          0          0          0         96   dmul.o
        46          0          0          0          0         80   dscalb.o
        38          0          0          0          0         68   f2d.o
       176          0          0          0          0        140   fadd.o
       124          0          0          0          0         88   fdiv.o
       110          0          0          0          0        168   fepilogue.o
        50          0          0          0          0         68   ffixi.o
        18          0          0          0          0         68   fflti.o
       100          0          0          0          0         76   fmul.o

    ----------------------------------------------------------------------
      3166        130        160          0          0       2408   Library Totals
         4          0          0          0          0          0   (incl. Padding)

    ----------------------------------------------------------------------

      Code (inc. data)   RO Data    RW Data    ZI Data      Debug   Library Name

      1164        114        160          0          0        636   m_ws.l
       270         16          0          0          0        272   mc_w.l
      1728          0          0          0          0       1500   mf_w.l

    ----------------------------------------------------------------------
      3166        130        160          0          0       2408   Library Totals

    ----------------------------------------------------------------------

==============================================================================


      Code (inc. data)   RO Data    RW Data    ZI Data      Debug   

     11060        800        428        428       1876     335351   Grand Totals
     11060        800        428        100       1876     335351   ELF Image Totals (compressed)
     11060        800        428        100          0          0   ROM Totals

==============================================================================

    Total RO  Size (Code + RO Data)                11488 (  11.22kB)
    Total RW  Size (RW Data + ZI Data)              2304 (   2.25kB)
    Total ROM Size (Code + RO Data + RW Data)      11588 (  11.32kB)

==============================================================================

